******************************************************************************
                  TI ARM Linker PC v5.2.5                      
******************************************************************************
>> Linked Tue Sep 27 18:00:05 2016

OUTPUT FILE NAME:   <NIRscanNano.out>
ENTRY POINT SYMBOL: "_c_int00"  address: 00030271


MEMORY CONFIGURATION

         name            origin    length      used     unused   attr    fill
----------------------  --------  ---------  --------  --------  ----  --------
  FLASH                 00000000   00100000  00060fa8  0009f058  R  X
  SRAM                  20000000   00040000  00035ebc  0000a144  RW X
  SDRAM                 60000000   01ffffff  00000000  01ffffff  RW X


SEGMENT ALLOCATION MAP

run origin  load origin   length   init length attrs members
----------  ----------- ---------- ----------- ----- -------
00000000    00000000    00060fb8   00060fb8    r-x
  00000000    00000000    0000003c   0000003c    r-- .resetVecs
  00000040    00000040    0003559a   0003559a    r-x .text
  000355e0    000355e0    00018d04   00018d04    r-- .const
  0004e2e4    0004e2e4    0001231e   0001231e    r-x *
  00060608    00060608    000009b0   000009b0    r-- .cinit
20000000    20000000    00000360   00000000    rw-
  20000000    20000000    00000360   00000000    rw- .vecs
20000400    20000400    00035b5f   00000000    rw-
  20000400    20000400    00032755   00000000    rw- .bss
  20032b58    20032b58    00002000   00000000    rw- .stack
  20034b58    20034b58    00001407   00000000    rw- .data


SECTION ALLOCATION MAP

 output                                  attributes/
section   page    origin      length       input sections
--------  ----  ----------  ----------   ----------------
.resetVecs 
*          0    00000000    0000003c     
                  00000000    0000003c     appNano_pem4f.oem4f (.resetVecs)

.text      0    00000040    0003559a     
                  00000040    000041b0     dlpspeclib.lib : tpl.obj (.text)
                  000041f0    00002a2c     cmdProc.obj (.text)
                  00006c1c    00001d4a     dlpspeclib.lib : dlpspec_helper.obj (.text)
                  00008966    00000002     drivers_tivaware.aem4f : SPITivaDMA.oem4f (.text:SPITivaDMA_serviceISR)
                  00008968    00001a14     dlpspeclib.lib : dlpspec_calib.obj (.text)
                  0000a37c    000019b0     scan.obj (.text)
                  0000bd2c    00001968     dlpspeclib.lib : dlpspec_scan.obj (.text)
                  0000d694    00001626     BTVS.obj (.text)
                  0000ecba    00000002     drivers_tivaware.aem4f : SPITivaDMA.oem4f (.text:SPITivaDMA_transferCancel)
                  0000ecbc    0000156c     BLEProfMgr.obj (.text)
                  00010228    00001220     spi_flash.obj (.text)
                  00011448    000010ba     rtsv7M4_T_le_v4SPD16_eabi.lib : _printfi.obj (.text)
                  00012502    00000002     drivers_tivaware.aem4f : WatchdogTiva.oem4f (.text:WatchdogTiva_close)
                  00012504    00001024     BTPSKRNL.obj (.text)
                  00013528    00000e60     BLEGATTScanSvc.obj (.text)
                  00014388    00000da8     BLECmdHandlerLiaison.obj (.text)
                  00015130    00000d32     dlpspeclib.lib : dlpspec_scan_had.obj (.text)
                  00015e62    00000002     usblib.lib : usbdma.obj (.text:iDMAUSBArbSizeSet)
                  00015e64    00000c84     TivaWareLib.obj (.text)
                  00016ae8    00000ae8     NIRscanNano.obj (.text)
                  000175d0    00000a90     ads1255.obj (.text)
                  00018060    00000a6c     dlpc150.obj (.text)
                  00018acc    00000a0c     BLEGATTGISvc.obj (.text)
                  000194d8    000009e0     uartstdio.obj (.text)
                  00019eb8    000008e0     HCITRANS.obj (.text)
                  0001a798    00000894     fatsd.obj (.text)
                  0001b02c    00000858     BAS.obj (.text)
                  0001b884    000007bc     tmp006.obj (.text)
                  0001c040    00000712     dlpspeclib.lib : dlpspec_scan_chemo.obj (.text)
                  0001c752    00000002     usblib.lib : usbdma.obj (.text:iDMAUSBUnitSizeSet)
                  0001c754    0000064c     BLENotificationHandler.obj (.text)
                  0001cda0    0000063c     BLEGATTConfSvc.obj (.text)
                  0001d3dc    00000630     bq24250.obj (.text)
                  0001da0c    0000057c     BLEGATTCalSvc.obj (.text)
                  0001df88    00000548     display.obj (.text)
                  0001e4d0    0000052c     nano_eeprom.obj (.text)
                  0001e9fc    00000510     usbCmdHandler.obj (.text)
                  0001ef0c    000004f0     HAL.obj (.text)
                  0001f3fc    000004c8     nnoStatus.obj (.text)
                  0001f8c4    000004ac     uartCmdHandler.obj (.text)
                  0001fd70    000004a0     flash.obj (.text)
                  00020210    00000450     BTPSVEND.obj (.text)
                  00020660    00000450     hdc1000.obj (.text)
                  00020ab0    00000430     sysbios.aem4f : BIOS.obj (.text:ti_sysbios_family_arm_m3_Hwi_excDumpRegs__I)
                  00020ee0    00000408     dlpspeclib.lib : dlpspec_scan_col.obj (.text)
                  000212e8    000003f8     usblib.lib : usbhostenum.obj (.text:USBHostIntHandlerInternal)
                  000216e0    000003e4     sdram.obj (.text)
                  00021ac4    000003c8     BLEGATTStdSvcs.obj (.text)
                  00021e8c    000003c0     trigger.obj (.text)
                  0002224c    0000038c     usbdhidcustom.obj (.text)
                  000225d8    00000350     dlpspeclib.lib : dlpspec_util.obj (.text)
                  00022928    0000033c     ti.targets.arm.rtsarm.aem4f : System.oem4f (.text:xdc_runtime_System_doPrint__I)
                  00022c64    00000324     BLEGATTCmdSvc.obj (.text)
                  00022f88    00000314     sysbios.aem4f : BIOS.obj (.text:ti_sysbios_knl_Semaphore_pend__E)
                  0002329c    0000030c     rtsv7M4_T_le_v4SPD16_eabi.lib : lowlev.obj (.text)
                  000235a8    00000308     BLEUtils.obj (.text)
                  000238b0    000002f8     ti.sysbios.fatfs.aem4f : ff.oem4f (.text:chk_mounted)
                  00023ba8    000002f8     main.obj (.text)
                  00023ea0    000002d4     rtsv7M4_T_le_v4SPD16_eabi.lib : trgdrv.obj (.text)
                  00024174    000002c0     BLEGATTTimeSvc.obj (.text)
                  00024434    000002a8     rtsv7M4_T_le_v4SPD16_eabi.lib : mktime.obj (.text)
                  000246dc    00000004     usblib.lib : usbdma.obj (.text:DMAUSBStatus)
                  000246e0    00000254     sysbios.aem4f : BIOS.obj (.text:ti_sysbios_heaps_HeapMem_free__E)
                  00024934    00000004     usblib.lib : usbdhid.obj (.text:HandleReset)
                  00024938    00000240     sysbios.aem4f : BIOS.obj (.text:ti_sysbios_heaps_HeapMem_alloc__E)
                  00024b78    0000022c                   : BIOS.obj (.text:ti_sysbios_knl_Task_Instance_finalize__E)
                  00024da4    00000220     BLEMain.obj (.text)
                  00024fc4    0000021e     rtsv7M4_T_le_v4SPD16_eabi.lib : ll_div_t2.obj (.text)
                  000251e2    0000021c     appNano_pem4f.oem4f (.text:xdc_runtime_System_printfExtend__I)
                  000253fe    00000002     rtsv7M4_T_le_v4SPD16_eabi.lib : i_div0.obj (.text)
                  00025400    00000214     sysbios.aem4f : BIOS.obj (.text:ti_sysbios_family_arm_lm4_Timer_Instance_init__E)
                  00025614    0000020c     nano_timer.obj (.text)
                  00025820    00000204     driverlib.lib : sysctl.obj (.text:SysCtlClockFreqSet)
                  00025a24    00000204     Boot.aem4f : Boot_sysctl.oem4f (.text:ti_catalog_arm_cortexm4_tiva_ce_Boot_sysCtlClockFreqSetI__I)
                  00025c28    00000200     sysbios.aem4f : BIOS.obj (.text:ti_sysbios_knl_Task_sleep__E)
                  00025e28    000001fc                   : BIOS.obj (.text:ti_sysbios_family_arm_m3_Hwi_excHandlerMax__I)
                  00026024    000001f4     rtsv7M4_T_le_v4SPD16_eabi.lib : ull_div_t2.obj (.text)
                  00026218    000001f0     drivers_tivaware.aem4f : SDSPITiva.oem4f (.text:SDSPITiva_diskInitialize)
                  00026408    000001c8     sysbios.aem4f : BIOS.obj (.text:ti_sysbios_knl_Task_Instance_init__E)
                  000265d0    000001c4     rtsv7M4_T_le_v4SPD16_eabi.lib : fopen.obj (.text)
                  00026794    000001b6                                   : fd_add_t2.obj (.text)
                  0002694a    000001ae     ti.sysbios.fatfs.aem4f : ff.oem4f (.text:f_mkdir)
                  00026af8    000001a8                            : ff.oem4f (.text:f_write)
                  00026ca0    000001a4     bleCmdHandler.obj (.text)
                  00026e44    0000019c     usblib.lib : usbhostenum.obj (.text:USBHCDPipeAllocSize)
                  00026fe0    00000194     button.obj (.text)
                  00027174    00000190     drivers_tivaware.aem4f : USBMSCHFatFsTiva.oem4f (.text:USBMSCHFatFsTiva_open)
                  00027304    0000018c     usblib.lib : usbhostenum.obj (.text:ProcessUSBDeviceStateMachine)
                  00027490    00000178     ti.sysbios.fatfs.aem4f : ff.oem4f (.text:f_read)
                  00027608    00000174     usblib.lib : usbhhub.obj (.text:USBHHubMain)
                  0002777c    00000004     driverlib.lib : i2c.obj (.text:I2CMasterControl)
                  00027780    00000174     sysbios.aem4f : BIOS.obj (.text:ti_sysbios_family_arm_m3_Hwi_excBusFault__I)
                  000278f4    00000168     usblib.lib : usbhostenum.obj (.text:USBHCDInitInternal)
                  00027a5c    00000004     driverlib.lib : i2c.obj (.text:I2CMasterDataGet)
                  00027a60    00000168     sysbios.aem4f : BIOS.obj (.text:ti_sysbios_family_arm_lm4_Timer_start__E)
                  00027bc8    00000164                   : BIOS.obj (.text:ti_sysbios_family_arm_m3_Hwi_excUsageFault__I)
                  00027d2c    00000162     ti.sysbios.fatfs.aem4f : ff.oem4f (.text:f_lseek)
                  00027e8e    00000002     rtsv7M4_T_le_v4SPD16_eabi.lib : l_div0.obj (.text)
                  00027e90    00000160     usblib.lib : usbdma.obj (.text:USBLibDMAInit)
                  00027ff0    00000150                : usbdenum.obj (.text:USBDEP0StateTxConfig)
                  00028140    00000150                : usbdenum.obj (.text:USBDeviceIntHandlerInternal)
                  00028290    00000150                : usbhostenum.obj (.text:USBHCDPipeRead)
                  000283e0    00000150     ti.sysbios.fatfs.aem4f : ff.oem4f (.text:f_open)
                  00028530    00000148     usblib.lib : usbdenum.obj (.text:USBDCDInit)
                  00028678    00000148                : usbdconfig.obj (.text:USBDeviceConfig)
                  000287c0    00000148     rtsv7M4_T_le_v4SPD16_eabi.lib : sqrt.obj (.text)
                  00028908    00000148     sysbios.aem4f : BIOS.obj (.text:ti_sysbios_family_arm_m3_Hwi_excMemFault__I)
                  00028a50    00000140     drivers_tivaware.aem4f : UARTTiva.oem4f (.text:UARTTiva_open)
                  00028b90    00000140     sysbios.aem4f : BIOS.obj (.text:ti_sysbios_knl_Semaphore_post__E)
                  00028cd0    0000013c                   : BIOS.obj (.text:ti_sysbios_heaps_HeapMem_Instance_init__E)
                  00028e0c    00000004     driverlib.lib : i2c.obj (.text:I2CMasterDataPut)
                  00028e10    00000138     sysbios.aem4f : BIOS.obj (.text:ti_sysbios_family_arm_m3_Hwi_dispatchC__I)
                  00028f48    00000136     rtsv7M4_T_le_v4SPD16_eabi.lib : fd_div_t2.obj (.text)
                  0002907e    00000002     appNano_pem4f.oem4f (.text:ti_sysbios_BIOS_nullFunc__I)
                  00029080    00000134     rtsv7M4_T_le_v4SPD16_eabi.lib : fputs.obj (.text)
                  000291b4    00000004     driverlib.lib : lcd.obj (.text:LCDIntClear)
                  000291b8    00000134     sysbios.aem4f : BIOS.obj (.text:ti_sysbios_knl_Clock_workFunc__E)
                  000292ec    00000132     driverlib.lib : gpio.obj (.text:GPIOPadConfigSet)
                  0002941e    00000002     usblib.lib : usbdma.obj (.text:uDMAUSBChannelIntDisable)
                  00029420    0000012c                : usbhostenum.obj (.text:USBHCDPipeWrite)
                  0002954c    00000122     ti.sysbios.fatfs.aem4f : ff.oem4f (.text:f_rename)
                  0002966e    00000002     usblib.lib : usbdma.obj (.text:uDMAUSBChannelIntEnable)
                  00029670    00000120     ti.targets.arm.rtsarm.aem4f : Error.oem4f (.text:xdc_runtime_Error_policyDefault__E)
                  00029790    0000011c     driverlib.lib : sysctl.obj (.text:SysCtlClockGet)
                  000298ac    00000004                   : ssi.obj (.text:SSIIntClear)
                  000298b0    0000011c     sysbios.aem4f : BIOS.obj (.text:ti_sysbios_knl_Swi_run__I)
                  000299cc    00000117     ti.sysbios.fatfs.aem4f : ff.oem4f (.text:create_name)
                  00029ae3    00000001     --HOLE-- [fill = 0]
                  00029ae4    00000114     usblib.lib : usbdhid.obj (.text:HandleRequest)
                  00029bf8    00000114     rtsv7M4_T_le_v4SPD16_eabi.lib : strtoul.obj (.text)
                  00029d0c    00000110                                   : xdscale.obj (.text)
                  00029e1c    00000108     drivers_tivaware.aem4f : SPITivaDMA.oem4f (.text:SPITivaDMA_open)
                  00029f24    00000104     ti.targets.arm.rtsarm.aem4f : Core-mem.oem4f (.text:xdc_runtime_Core_createObject__I)
                  0002a028    00000100     usblib.lib : usbhostenum.obj (.text:USBHCDEnumHandler)
                  0002a128    000000fe     ti.sysbios.fatfs.aem4f : ff.oem4f (.text:dir_next)
                  0002a226    00000002     appNano_pem4f.oem4f (.text:xdc_runtime_Startup_reset__I)
                  0002a228    000000fc     usblib.lib : usbhmsc.obj (.text:USBHMSCDriveReady)
                  0002a324    000000fc     rtsv7M4_T_le_v4SPD16_eabi.lib : fd_mul_t2.obj (.text)
                  0002a420    000000fc     ti.targets.arm.rtsarm.aem4f : Startup.oem4f (.text:xdc_runtime_Startup_startMods__I)
                  0002a51c    000000f8     drivers_tivaware.aem4f : SDSPITiva.oem4f (.text:SDSPITiva_diskIOctrl)
                  0002a614    000000f8                            : SDSPITiva.oem4f (.text:SDSPITiva_open)
                  0002a70c    000000f4     usblib.lib : usbdma.obj (.text:iDMAUSBTransfer)
                  0002a800    000000f4     sysbios.aem4f : m3_Hwi_asm.obj (.text:ti_sysbios_family_arm_m3_Hwi_dispatch__I)
                  0002a8f4    000000f0     usblib.lib : usbhostenum.obj (.text:USBHCDControlTransfer)
                  0002a9e4    000000f0                : usbhostenum.obj (.text:USBHCDPipeFree)
                  0002aad4    000000ec                : usbhostenum.obj (.text:USBHCDInit)
                  0002abc0    000000ec     battery.obj (.text)
                  0002acac    000000ec     cmdHandlerIFMgr.obj (.text)
                  0002ad98    000000ec     ti.sysbios.fatfs.aem4f : ff.oem4f (.text:f_getfree)
                  0002ae84    000000ec     rtsv7M4_T_le_v4SPD16_eabi.lib : fread.obj (.text)
                  0002af70    000000e8     drivers_tivaware.aem4f : SDSPITiva.oem4f (.text:SDSPITiva_diskWrite)
                  0002b058    000000e4                            : I2CTiva.oem4f (.text:I2CTiva_open)
                  0002b13c    000000e4     usblib.lib : usbdenum.obj (.text:USBDGetDescriptor)
                  0002b220    000000e0                : usbdhid.obj (.text:USBDHIDCompositeInit)
                  0002b300    000000e0                : usbhostenum.obj (.text:USBHCDMain)
                  0002b3e0    000000de     ti.sysbios.fatfs.aem4f : ff.oem4f (.text:put_fat)
                  0002b4be    00000002     --HOLE-- [fill = 0]
                  0002b4c0    000000dc     rtsv7M4_T_le_v4SPD16_eabi.lib : setvbuf.obj (.text)
                  0002b59c    000000d8     drivers_tivaware.aem4f : SPITivaDMA.oem4f (.text:SPITivaDMA_configDMA)
                  0002b674    000000d8     usblib.lib : usbdenum.obj (.text:USBDeviceEnumHandler)
                  0002b74c    000000d8                : usbhostenum.obj (.text:USBHCDPipeConfig)
                  0002b824    00000004     driverlib.lib : timer.obj (.text:TimerIntClear)
                  0002b828    000000d8     sysbios.aem4f : BIOS.obj (.text:ti_sysbios_family_arm_lm4_TimestampProvider_get32__E)
                  0002b900    000000d6     drivers_tivaware.aem4f : I2CTiva.oem4f (.text:I2CTiva_hwiFxn)
                  0002b9d6    000000cc     ti.sysbios.fatfs.aem4f : ff.oem4f (.text:get_fat)
                  0002baa2    00000006     driverlib.lib : gpio.obj (.text:GPIOPinRead)
                  0002baa8    000000cc     sysbios.aem4f : BIOS.obj (.text:ti_sysbios_knl_Task_schedule__I)
                  0002bb74    000000cc     ti.targets.arm.rtsarm.aem4f : Core-smem.oem4f (.text:xdc_runtime_Core_constructObject__I)
                  0002bc40    000000c8     driverlib.lib : usb.obj (.text:USBHostEndpointConfig)
                  0002bd08    000000c8     rtsv7M4_T_le_v4SPD16_eabi.lib : fflush.obj (.text)
                  0002bdd0    000000c4     driverlib.lib : eeprom.obj (.text:EEPROMProgram)
                  0002be94    000000c4     drivers_tivaware.aem4f : SDSPITiva.oem4f (.text:send_cmd)
                  0002bf58    000000c4     usblib.lib : usbdma.obj (.text:uDMAUSBChannelAllocate)
                  0002c01c    000000c2     ti.sysbios.fatfs.aem4f : ff.oem4f (.text:f_unlink)
                  0002c0de    00000002     --HOLE-- [fill = 0]
                  0002c0e0    000000c0     drivers_tivaware.aem4f : SDSPITiva.oem4f (.text:SDSPITiva_diskRead)
                  0002c1a0    000000c0     ti.sysbios.fatfs.aem4f : ff.oem4f (.text:sync)
                  0002c260    000000be     rtsv7M4_T_le_v4SPD16_eabi.lib : xdnorm.obj (.text)
                  0002c31e    00000002     --HOLE-- [fill = 0]
                  0002c320    000000bc     usblib.lib : usbmode.obj (.text:USB0OTGModeIntHandler)
                  0002c3dc    00000004     driverlib.lib : uart.obj (.text:UARTIntClear)
                  0002c3e0    000000bc     sysbios.aem4f : BIOS.obj (.text:ti_sysbios_family_arm_m3_Hwi_excDebugMon__I)
                  0002c49c    00000004     driverlib.lib : usb.obj (.text:USBDevAddrSet)
                  0002c4a0    000000bc     sysbios.aem4f : BIOS.obj (.text:ti_sysbios_family_arm_m3_Hwi_excHardFault__I)
                  0002c55c    00000004     drivers_tivaware.aem4f : USBMSCHFatFsTiva.oem4f (.text:USBMSCHFatFsTiva_hwiHandler)
                  0002c560    000000bc     sysbios.aem4f : BIOS.obj (.text:ti_sysbios_knl_Task_startCore__E)
                  0002c61c    000000bc     usblib.lib : usbdma.obj (.text:uDMAUSBTransfer)
                  0002c6d8    000000b4     sysbios.aem4f : BIOS.obj (.text:ti_sysbios_gates_GateMutex_enter__E)
                  0002c78c    00000004     driverlib.lib : watchdog.obj (.text:WatchdogReloadSet)
                  0002c790    000000b4     sysbios.aem4f : BIOS.obj (.text:ti_sysbios_knl_Task_checkStacks__E)
                  0002c844    000000b0     ti.sysbios.fatfs.aem4f : ff.oem4f (.text:f_sync)
                  0002c8f4    000000b0                            : ffcio.oem4f (.text:ffcio_open)
                  0002c9a4    000000ac     rtsv7M4_T_le_v4SPD16_eabi.lib : _io_perm.obj (.text)
                  0002ca50    000000ac     sysbios.aem4f : BIOS.obj (.text:ti_sysbios_family_arm_lm4_Timer_enableTiva__I)
                  0002cafc    00000004     ti.sysbios.fatfs.aem4f : syncsysbios.oem4f (.text:ff_rel_grant)
                  0002cb00    000000ac     sysbios.aem4f : BIOS.obj (.text:ti_sysbios_knl_Swi_post__E)
                  0002cbac    00000004     ti.sysbios.fatfs.aem4f : diskio.oem4f (.text:get_fattime)
                  0002cbb0    000000a8     sysbios.aem4f : BIOS.obj (.text:ti_sysbios_family_arm_lm4_Timer_enableTimers__I)
                  0002cc58    000000a8                   : BIOS.obj (.text:ti_sysbios_knl_Task_blockI__E)
                  0002cd00    000000a8                   : BIOS.obj (.text:ti_sysbios_knl_Task_postInit__I)
                  0002cda8    000000a4     usblib.lib : usbhmsc.obj (.text:USBHMSCOpen)
                  0002ce4c    000000a0                : usbhostenum.obj (.text:USBHCDDeviceDisconnected)
                  0002ceec    000000a0     auto_init.aem4f : auto_init.oem4f (.text)
                  0002cf8c    000000a0     drivers_tivaware.aem4f : SDSPITiva.oem4f (.text:rcvr_datablock)
                  0002d02c    000000a0     rtsv7M4_T_le_v4SPD16_eabi.lib : _bufread.obj (.text)
                  0002d0cc    000000a0     appNano_pem4f.oem4f (.text:ti_sysbios_BIOS_rtsUnlock__I)
                  0002d16c    00000004     sysbios.aem4f : BIOS.obj (.text:ti_sysbios_family_arm_lm4_Timer_masterEnable__I)
                  0002d170    000000a0                   : BIOS.obj (.text:ti_sysbios_family_arm_m3_Hwi_Instance_init__E)
                  0002d210    0000009c     drivers_tivaware.aem4f : WatchdogTiva.oem4f (.text:WatchdogTiva_open)
                  0002d2ac    0000009c     rtsv7M4_T_le_v4SPD16_eabi.lib : memcpy_t2.obj (.text)
                  0002d348    0000009c     sysbios.aem4f : BIOS.obj (.text:ti_sysbios_knl_Semaphore_Instance_init__E)
                  0002d3e4    0000009a     ti.targets.arm.rtsarm.aem4f : Text.oem4f (.text:xdc_runtime_Text_putSite__E)
                  0002d47e    0000009a     drivers_tivaware.aem4f : SDSPITiva.oem4f (.text:xmit_datablock)
                  0002d518    00000098     usblib.lib : usbdenum.obj (.text:USBDSetInterface)
                  0002d5b0    00000098     ti.sysbios.fatfs.aem4f : ff.oem4f (.text:create_chain)
                  0002d648    00000098     rtsv7M4_T_le_v4SPD16_eabi.lib : fclose.obj (.text)
                  0002d6e0    00000098                                   : fputc.obj (.text)
                  0002d778    00000096                                   : strerror.obj (.text)
                  0002d80e    00000002     --HOLE-- [fill = 0]
                  0002d810    00000094                                   : snprintf.obj (.text)
                  0002d8a4    00000094     Boot.aem4f : Boot.oem4f (.text:ti_catalog_arm_cortexm4_tiva_ce_Boot_sysCtlClockFreqSet__E)
                  0002d938    00000094     sysbios.aem4f : BIOS.obj (.text:ti_sysbios_family_arm_m3_Hwi_initNVIC__E)
                  0002d9cc    00000004     appNano_pem4f.oem4f (.text:ti_sysbios_family_arm_m3_TaskSupport_Module__startupDone__S)
                  0002d9d0    00000094     sysbios.aem4f : BIOS.obj (.text:ti_sysbios_knl_Task_exit__E)
                  0002da64    00000094     ti.targets.arm.rtsarm.aem4f : Text.oem4f (.text:xdc_runtime_Text_putMod__E)
                  0002daf8    00000090     usblib.lib : usbdenum.obj (.text:USBDSetConfiguration)
                  0002db88    00000090                : usbhostenum.obj (.text:USBHCDOpenDriver)
                  0002dc18    00000090     sysbios.aem4f : BIOS.obj (.text:ti_sysbios_knl_Task_unblockI__E)
                  0002dca8    00000090     usbhandler.obj (.text)
                  0002dd38    0000008c     usblib.lib : usbhostenum.obj (.text:FIFOAlloc)
                  0002ddc4    0000008c                : usbdconfig.obj (.text:USBDeviceConfigAlternate)
                  0002de50    0000008c                : usbhostenum.obj (.text:USBHCDClearFeature)
                  0002dedc    0000008c     sysbios.aem4f : m3_TaskSupport_asm.obj (.text:ti_sysbios_family_arm_m3_TaskSupport_buildTaskStack)
                  0002df68    00000088     usblib.lib : usbdhid.obj (.text:ProcessIdleTimers)
                  0002dff0    00000088                : usbhscsi.obj (.text:USBHSCSISendCommand)
                  0002e078    00000088     rtsv7M4_T_le_v4SPD16_eabi.lib : vsnprintf.obj (.text)
                  0002e100    00000086                                   : fd_cmp_t2.obj (.text:__aeabi_cdcmple)
                  0002e186    00000086                                   : fd_cmp_t2.obj (.text:__aeabi_cdrcmple)
                  0002e20c    00000084     usblib.lib : usbdma.obj (.text:iDMAUSBChannelAllocate)
                  0002e290    00000084     driverlib.lib : udma.obj (.text:uDMAChannelTransferSet)
                  0002e314    00000080     usblib.lib : usbdenum.obj (.text:USBDClearFeature)
                  0002e394    00000080     cmdDict.obj (.text)
                  0002e414    00000004     ti.targets.arm.rtsarm.aem4f : Error.oem4f (.text:xdc_runtime_Error_getSite__E)
                  0002e418    00000080     sysbios.aem4f : BIOS.obj (.text:ti_sysbios_family_arm_lm4_Timer_disableTiva__I)
                  0002e498    0000007e     drivers_tivaware.aem4f : I2CTiva.oem4f (.text:I2CTiva_transfer)
                  0002e516    0000007c     ti.sysbios.fatfs.aem4f : ff.oem4f (.text:dir_sdi)
                  0002e592    0000007c                            : ff.oem4f (.text:get_fileinfo)
                  0002e60e    0000007a     driverlib.lib : usb.obj (.text:USBDevEndpointConfigSet)
                  0002e688    0000007a     rtsv7M4_T_le_v4SPD16_eabi.lib : memset_t2.obj (.text)
                  0002e702    0000007a     drivers_tivaware.aem4f : UARTTiva.oem4f (.text:writeData)
                  0002e77c    00000078     usblib.lib : usbdenum.obj (.text:USBDGetStatus)
                  0002e7f4    00000078     led.obj (.text)
                  0002e86c    00000078     appNano_pem4f.oem4f (.text:ti_sysbios_family_arm_lm4_Timer_Object__create__S)
                  0002e8e4    00000078     appNano_pem4f.oem4f (.text:ti_sysbios_family_arm_m3_Hwi_Object__create__S)
                  0002e95c    00000074     usblib.lib : usbhostenum.obj (.text:USBHCDGetConfigDescriptor)
                  0002e9d0    00000074     ti.sysbios.fatfs.aem4f : ff.oem4f (.text:check_fs)
                  0002ea44    00000074                            : ff.oem4f (.text:follow_path)
                  0002eab8    00000074     sysbios.aem4f : BIOS.obj (.text:ti_sysbios_family_arm_m3_Hwi_postInit__I)
                  0002eb2c    00000072     usblib.lib : usbdhid.obj (.text:USBDHIDPacketRead)
                  0002eb9e    00000002     --HOLE-- [fill = 0]
                  0002eba0    00000070                : usbdenum.obj (.text:USBDEP0StateTx)
                  0002ec10    00000070                : usbdma.obj (.text:uDMAUSBArbSizeSet)
                  0002ec80    00000070                : usbdma.obj (.text:uDMAUSBUnitSizeSet)
                  0002ecf0    00000070     ti.targets.arm.rtsarm.aem4f : Memory.oem4f (.text:xdc_runtime_Memory_alloc__E)
                  0002ed60    0000006e     ti.sysbios.fatfs.aem4f : ff.oem4f (.text:move_window)
                  0002edce    0000006c     drivers_tivaware.aem4f : UARTTiva.oem4f (.text:UARTTiva_read)
                  0002ee3a    0000006c                            : UARTTiva.oem4f (.text:UARTTiva_write)
                  0002eea6    00000002     --HOLE-- [fill = 0]
                  0002eea8    0000006c     usblib.lib : usbdenum.obj (.text:USBDSetFeature)
                  0002ef14    0000006c                : usbmode.obj (.text:USBOTGSetMode)
                  0002ef80    0000006c     ti.sysbios.fatfs.aem4f : ff.oem4f (.text:f_opendir)
                  0002efec    00000004     ti.targets.arm.rtsarm.aem4f : System.oem4f (.text:xdc_runtime_System_aprintf_va__F)
                  0002eff0    0000006c     sysbios.aem4f : BIOS.obj (.text:ti_sysbios_family_arm_lm4_Timer_initDevice__I)
                  0002f05c    0000006c     ti.targets.arm.rtsarm.aem4f : Error.oem4f (.text:xdc_runtime_Error_print__E)
                  0002f0c8    0000006a     rtsv7M4_T_le_v4SPD16_eabi.lib : copy_decompress_rle.obj (.text)
                  0002f132    00000002     --HOLE-- [fill = 0]
                  0002f134    00000068     driverlib.lib : interrupt.obj (.text:IntDisable)
                  0002f19c    00000068                   : interrupt.obj (.text:IntEnable)
                  0002f204    00000068     rtsv7M4_T_le_v4SPD16_eabi.lib : trgmsg.obj (.text)
                  0002f26c    00000068     appNano_pem4f.oem4f (.text:ti_sysbios_family_arm_m3_Hwi_create)
                  0002f2d4    00000068     appNano_pem4f.oem4f (.text:ti_sysbios_hal_Hwi_create)
                  0002f33c    00000068     appNano_pem4f.oem4f (.text:ti_sysbios_hal_Timer_create)
                  0002f3a4    00000066     drivers_tivaware.aem4f : UARTTiva.oem4f (.text:UARTTiva_readPolling)
                  0002f40a    00000066     rtsv7M4_T_le_v4SPD16_eabi.lib : xdunscal.obj (.text)
                  0002f470    00000066     ti.targets.arm.rtsarm.aem4f : Core-mem.oem4f (.text:xdc_runtime_Core_deleteObject__I)
                  0002f4d6    00000064     usblib.lib : usbdhid.obj (.text:HandleGetDescriptor)
                  0002f53a    00000002     --HOLE-- [fill = 0]
                  0002f53c    00000064     driverlib.lib : interrupt.obj (.text:IntIsEnabled)
                  0002f5a0    00000064     usblib.lib : usbhostenum.obj (.text:USBHostCheckPipes)
                  0002f604    00000064     appNano_pem4f.oem4f (.text:realloc)
                  0002f668    00000064     ti.sysbios.fatfs.aem4f : ff.oem4f (.text:remove_chain)
                  0002f6cc    00000064     rtsv7M4_T_le_v4SPD16_eabi.lib : fseek.obj (.text)
                  0002f730    00000064                                   : ftell.obj (.text)
                  0002f794    00000004     ti.targets.arm.rtsarm.aem4f : System.oem4f (.text:xdc_runtime_System_printf_va__F)
                  0002f798    00000064     sysbios.aem4f : BIOS.obj (.text:ti_sysbios_family_arm_lm4_Timer_Module_startup__E)
                  0002f7fc    00000064     appNano_pem4f.oem4f (.text:ti_sysbios_knl_Task_create)
                  0002f860    00000064     usblib.lib : usbdma.obj (.text:uDMAUSBChannelEnable)
                  0002f8c4    00000062     drivers_tivaware.aem4f : I2CTiva.oem4f (.text:I2CTiva_primeTransfer)
                  0002f926    00000062                            : UARTTiva.oem4f (.text:UARTTiva_hwiIntFxn)
                  0002f988    00000062     ti.sysbios.fatfs.aem4f : ff.oem4f (.text:f_chmod)
                  0002f9ea    00000062     drivers_tivaware.aem4f : UARTTiva.oem4f (.text:readData)
                  0002fa4c    00000060     usblib.lib : usbdhid.obj (.text:HandleDevice)
                  0002faac    00000060                : usbdhid.obj (.text:ProcessDataFromHost)
                  0002fb0c    00000060     driverlib.lib : timer.obj (.text:TimerConfigure)
                  0002fb6c    00000060     usblib.lib : usbdenum.obj (.text:USBDReadAndDispatchRequest)
                  0002fbcc    00000060     ti.sysbios.fatfs.aem4f : ff.oem4f (.text:dir_register)
                  0002fc2c    00000060                            : ff.oem4f (.text:f_readdir)
                  0002fc8c    00000060     rtsv7M4_T_le_v4SPD16_eabi.lib : sprintf.obj (.text)
                  0002fcec    00000004     --HOLE-- [fill = 0]
                  0002fcf0    00000060     sysbios.aem4f : BIOS.obj (.text:ti_sysbios_family_arm_lm4_Timer_isrStub__E)
                  0002fd50    00000060                   : BIOS.obj (.text:ti_sysbios_knl_Clock_logTick__E)
                  0002fdb0    00000060     ti.targets.arm.rtsarm.aem4f : System.oem4f (.text:xdc_runtime_System_formatNum__I)
                  0002fe10    0000005e     driverlib.lib : usb.obj (.text:USBDevEndpointStatusClear)
                  0002fe6e    00000002     --HOLE-- [fill = 0]
                  0002fe70    0000005c     usblib.lib : usbhostenum.obj (.text:ConfigDescAlloc)
                  0002fecc    0000005c                : usbdhid.obj (.text:FindHIDDescriptor)
                  0002ff28    0000005c                : usbhostenum.obj (.text:USBHCDGetDeviceDescriptor)
                  0002ff84    0000005c                : usbhscsi.obj (.text:USBHSCSIRead10)
                  0002ffe0    0000005c                : usbhscsi.obj (.text:USBHSCSIWrite10)
                  0003003c    00000004     --HOLE-- [fill = 0]
                  00030040    0000005c     sysbios.aem4f : BIOS.obj (.text:ti_sysbios_knl_Swi_restoreHwi__E)
                  0003009c    00000004     --HOLE-- [fill = 0]
                  000300a0    0000005c                   : BIOS.obj (.text:ti_sysbios_knl_Swi_schedule__I)
                  000300fc    00000004     --HOLE-- [fill = 0]
                  00030100    0000005c                   : BIOS.obj (.text:ti_sysbios_knl_Task_Module_startup__E)
                  0003015c    0000005c     drivers_tivaware.aem4f : SDSPITiva.oem4f (.text:wait_ready)
                  000301b8    0000005b     ti.targets.arm.rtsarm.aem4f : Text.oem4f (.text:xdc_runtime_Text_putLab__E)
                  00030213    00000001     --HOLE-- [fill = 0]
                  00030214    0000005a     drivers_tivaware.aem4f : SPITivaDMA.oem4f (.text:SPITivaDMA_transfer)
                  0003026e    00000002     --HOLE-- [fill = 0]
                  00030270    00000058     boot.aem4f : boot.oem4f (.text)
                  000302c8    00000058     usblib.lib : usbdenum.obj (.text:USBDCDTerm)
                  00030320    00000058                : usbhostenum.obj (.text:USBHCDEP0StateTx)
                  00030378    00000058                : usbhostenum.obj (.text:USBHCDHubDeviceConnected)
                  000303d0    00000058     sysbios.aem4f : BIOS.obj (.text:ti_sysbios_family_arm_lm4_Timer_Instance_finalize__E)
                  00030428    00000058     appNano_pem4f.oem4f (.text:ti_sysbios_family_arm_m3_Hwi_construct)
                  00030480    00000058     sysbios.aem4f : m3_Hwi_asm_switch.obj (.text:ti_sysbios_family_arm_m3_Hwi_initStacks__E)
                  000304d8    00000058     appNano_pem4f.oem4f (.text:ti_sysbios_hal_Hwi_construct)
                  00030530    00000056     rtsv7M4_T_le_v4SPD16_eabi.lib : ltoa.obj (.text)
                  00030586    00000056     usblib.lib : usbdma.obj (.text:uDMAUSBChannelRelease)
                  000305dc    00000054     driverlib.lib : eeprom.obj (.text:EEPROMMassErase)
                  00030630    00000054     usblib.lib : usbdhid.obj (.text:ProcessDataToHost)
                  00030684    00000054     drivers_tivaware.aem4f : USBMSCHFatFsTiva.oem4f (.text:USBMSCHFatFsTiva_diskWrite)
                  000306d8    00000054     rtsv7M4_T_le_v4SPD16_eabi.lib : vfprintf.obj (.text)
                  0003072c    00000054     appNano_pem4f.oem4f (.text:ti_sysbios_knl_Task_construct)
                  00030780    00000052     usblib.lib : usbulpi.obj (.text:ULPIConfigSet)
                  000307d2    00000052     drivers_tivaware.aem4f : USBMSCHFatFsTiva.oem4f (.text:USBMSCHFatFsTiva_close)
                  00030824    00000052     rtsv7M4_T_le_v4SPD16_eabi.lib : ldexp.obj (.text)
                  00030876    00000050     usblib.lib : usbhhub.obj (.text:HubGetPortStatus)
                  000308c6    00000002     --HOLE-- [fill = 0]
                  000308c8    00000050     driverlib.lib : sysctl.obj (.text:SysCtlPeripheralReset)
                  00030918    00000050     usblib.lib : usbdcdesc.obj (.text:USBDCDConfigDescGet)
                  00030968    00000050                : usbdenum.obj (.text:USBDeviceResumeTickHandler)
                  000309b8    00000050     Boot.aem4f : Boot_sysctl.oem4f (.text:_SysCtlFrequencyGet)
                  00030a08    00000050     sysbios.aem4f : BIOS.obj (.text:ti_sysbios_family_arm_m3_Hwi_Module_startup__E)
                  00030a58    00000050     ti.targets.arm.rtsarm.aem4f : Startup.oem4f (.text:xdc_runtime_Startup_exec__E)
                  00030aa8    00000050                                 : Text.oem4f (.text:xdc_runtime_Text_visitRope2__I)
                  00030af8    0000004e     drivers_tivaware.aem4f : SPITivaDMA.oem4f (.text:SPITivaDMA_hwiFxn)
                  00030b46    0000004c     usblib.lib : usbdconfig.obj (.text:GetEPDescriptorType)
                  00030b92    00000002     --HOLE-- [fill = 0]
                  00030b94    0000004c                : usbhhub.obj (.text:HubDriverDeviceDisconnect)
                  00030be0    0000004c     driverlib.lib : i2c.obj (.text:I2CMasterInitExpClk)
                  00030c2c    0000004c     usblib.lib : usbdenum.obj (.text:USBDStringIndexFromRequest)
                  00030c78    0000004c     driverlib.lib : usb.obj (.text:USBEndpointDMAConfigSet)
                  00030cc4    0000004c     usblib.lib : usbhostenum.obj (.text:USBHCDPowerConfigSet)
                  00030d10    0000004c     drivers_tivaware.aem4f : USBMSCHFatFsTiva.oem4f (.text:USBMSCHFatFsTiva_diskRead)
                  00030d5c    0000004c     usblib.lib : usbdma.obj (.text:iDMAUSBChannelEnable)
                  00030da8    0000004c     rtsv7M4_T_le_v4SPD16_eabi.lib : atoi.obj (.text)
                  00030df4    0000004c                                   : cpy_tbl.obj (.text)
                  00030e40    0000004c                                   : localtim.obj (.text)
                  00030e8c    0000004c     appNano_pem4f.oem4f (.text:ti_sysbios_fatfs_startup)
                  00030ed8    0000004c     sysbios.aem4f : BIOS.obj (.text:ti_sysbios_heaps_HeapMem_getStats__E)
                  00030f24    00000004     --HOLE-- [fill = 0]
                  00030f28    0000004c                   : BIOS.obj (.text:ti_sysbios_knl_Swi_runLoop__I)
                  00030f74    00000004     --HOLE-- [fill = 0]
                  00030f78    0000004c                   : BIOS.obj (.text:ti_sysbios_knl_Task_allBlockedFunction__I)
                  00030fc4    0000004a     usblib.lib : usbdcdesc.obj (.text:ConfigAlternateInterfaceGet)
                  0003100e    0000004a                : usbdhid.obj (.text:USBDHIDReportWrite)
                  00031058    0000004a     driverlib.lib : usb.obj (.text:USBDevEndpointStallClear)
                  000310a2    0000004a     ti.sysbios.fatfs.aem4f : ff.oem4f (.text:dir_find)
                  000310ec    0000004a     usblib.lib : usbdma.obj (.text:uDMAUSBChannelDisable)
                  00031136    00000002     --HOLE-- [fill = 0]
                  00031138    00000048     driverlib.lib : gpio.obj (.text:GPIOPinConfigure)
                  00031180    00000048     usblib.lib : usbdhid.obj (.text:SetIdleTimeout)
                  000311c8    00000048                : usbdenum.obj (.text:USBDeviceEnumResetHandler)
                  00031210    00000048     driverlib.lib : usb.obj (.text:USBFIFOFlush)
                  00031258    00000048     usblib.lib : usbhostenum.obj (.text:USBHCDSetAddress)
                  000312a0    00000048     driverlib.lib : sysctl.obj (.text:_SysCtlFrequencyGet)
                  000312e8    00000048     rtsv7M4_T_le_v4SPD16_eabi.lib : fd_toi_t2.obj (.text)
                  00031330    00000048                                   : fd_tos_t2.obj (.text)
                  00031378    00000048                                   : ll_tofs_t2.obj (.text)
                  000313c0    00000048     sysbios.aem4f : BIOS.obj (.text:ti_sysbios_family_arm_m3_Hwi_disableInterrupt__E)
                  00031408    00000048                   : BIOS.obj (.text:ti_sysbios_family_arm_m3_Hwi_enableInterrupt__E)
                  00031450    00000048                   : BIOS.obj (.text:ti_sysbios_family_arm_m3_Hwi_excReserved__I)
                  00031498    00000048     appNano_pem4f.oem4f (.text:ti_sysbios_fatfs_getFatTime)
                  000314e0    00000048     driverlib.lib : udma.obj (.text:uDMAChannelAttributeDisable)
                  00031528    00000048     ti.targets.arm.rtsarm.aem4f : Assert.oem4f (.text:xdc_runtime_Assert_raise__I)
                  00031570    00000046     driverlib.lib : uart.obj (.text:UARTConfigSetExpClk)
                  000315b6    00000046                   : usb.obj (.text:USBEndpointDataGet)
                  000315fc    00000046     ti.targets.arm.rtsarm.aem4f : Core-params.oem4f (.text:xdc_runtime_Core_assignParams__I)
                  00031642    00000002     --HOLE-- [fill = 0]
                  00031644    00000044     usblib.lib : usbdenum.obj (.text:USBDCDDeviceInfoInit)
                  00031688    00000044                : usbdenum.obj (.text:USBDGetInterface)
                  000316cc    00000044                : usbhhub.obj (.text:USBHHubInit)
                  00031710    00000044     ti.sysbios.fatfs.aem4f : ff.oem4f (.text:f_mount)
                  00031754    00000044     appNano_pem4f.oem4f (.text:malloc)
                  00031798    00000044     rtsv7M4_T_le_v4SPD16_eabi.lib : exit.obj (.text)
                  000317dc    00000044                                   : fd_tou_t2.obj (.text)
                  00031820    00000044     drivers_tivaware.aem4f : SDSPITiva.oem4f (.text:send_initial_clock_train)
                  00031864    00000004     --HOLE-- [fill = 0]
                  00031868    00000044     sysbios.aem4f : BIOS.obj (.text:ti_sysbios_family_arm_lm4_Timer_stop__E)
                  000318ac    00000004     --HOLE-- [fill = 0]
                  000318b0    00000044                   : BIOS.obj (.text:ti_sysbios_family_arm_m3_Hwi_getStackInfo__E)
                  000318f4    00000044     ti.targets.arm.rtsarm.aem4f : Error.oem4f (.text:xdc_runtime_Error_setX__E)
                  00031938    00000044                                 : SysMin.oem4f (.text:xdc_runtime_SysMin_flush__E)
                  0003197c    00000042     driverlib.lib : ssi.obj (.text:SSIConfigSetExpClk)
                  000319be    00000002     --HOLE-- [fill = 0]
                  000319c0    00000040                   : eeprom.obj (.text:EEPROMInit)
                  00031a00    00000040     usblib.lib : usbdhid.obj (.text:ScheduleReportTransmission)
                  00031a40    00000040     drivers_tivaware.aem4f : UARTTiva.oem4f (.text:UARTTiva_writePolling)
                  00031a80    00000040     usblib.lib : usbhmsc.obj (.text:USBHMSCGetMaxLUN)
                  00031ac0    00000040     drivers_tivaware.aem4f : USBMSCHFatFsTiva.oem4f (.text:USBMSCHFatFsTiva_diskInitialize)
                  00031b00    00000040     ti.sysbios.fatfs.aem4f : ff.oem4f (.text:dir_read)
                  00031b40    00000040     rtsv7M4_T_le_v4SPD16_eabi.lib : signal.obj (.text)
                  00031b80    00000040                                   : u_divt2.obj (.text)
                  00031bc0    00000040     sysbios.aem4f : BIOS.obj (.text:ti_sysbios_family_arm_lm4_Timer_startup__E)
                  00031c00    00000040     appNano_pem4f.oem4f (.text:ti_sysbios_family_arm_m3_Hwi_Object__get__S)
                  00031c40    00000040     appNano_pem4f.oem4f (.text:ti_sysbios_gates_GateAll_Object__create__S)
                  00031c80    00000040     appNano_pem4f.oem4f (.text:ti_sysbios_gates_GateHwi_Object__create__S)
                  00031cc0    00000040     appNano_pem4f.oem4f (.text:ti_sysbios_gates_GateMutex_Object__create__S)
                  00031d00    00000040     appNano_pem4f.oem4f (.text:ti_sysbios_heaps_HeapMem_Object__create__S)
                  00031d40    00000040     appNano_pem4f.oem4f (.text:ti_sysbios_heaps_HeapMem_Object__get__S)
                  00031d80    00000040     appNano_pem4f.oem4f (.text:ti_sysbios_knl_Semaphore_create)
                  00031dc0    00000040     appNano_pem4f.oem4f (.text:ti_sysbios_knl_Swi_Object__get__S)
                  00031e00    0000003e     appNano_pem4f.oem4f (.text:xdc_runtime_SysMin_output__I)
                  00031e3e    00000002     --HOLE-- [fill = 0]
                  00031e40    0000003c     usblib.lib : usbhhub.obj (.text:HubDriverReset)
                  00031e7c    0000003c                : usbdenum.obj (.text:USBDCDRemoteWakeupRequest)
                  00031eb8    0000003c                : usbhscsi.obj (.text:USBHSCSIInquiry)
                  00031ef4    0000003c                : usbhscsi.obj (.text:USBHSCSIReadCapacity)
                  00031f30    0000003c     driverlib.lib : eeprom.obj (.text:_EEPROMSectorMaskSet)
                  00031f6c    0000003c     usblib.lib : usbdma.obj (.text:iDMAUSBChannelRelease)
                  00031fa8    0000003c     sysbios.aem4f : BIOS.obj (.text:ti_sysbios_family_arm_m3_Hwi_excSvCall__I)
                  00031fe4    00000004     --HOLE-- [fill = 0]
                  00031fe8    0000003c                   : BIOS.obj (.text:ti_sysbios_family_arm_m3_TaskSupport_start__E)
                  00032024    0000003c     appNano_pem4f.oem4f (.text:ti_sysbios_gates_GateAll_create)
                  00032060    0000003c     sysbios.aem4f : BIOS.obj (.text:ti_sysbios_heaps_HeapMem_init__I)
                  0003209c    00000004     --HOLE-- [fill = 0]
                  000320a0    0000003c                   : BIOS.obj (.text:ti_sysbios_knl_Swi_restore__E)
                  000320dc    00000004     --HOLE-- [fill = 0]
                  000320e0    0000003c                   : BIOS.obj (.text:ti_sysbios_knl_Swi_startup__E)
                  0003211c    0000003c     appNano_pem4f.oem4f (.text:ti_sysbios_knl_Task_Object__get__S)
                  00032158    0000003c     ti.targets.arm.rtsarm.aem4f : Text.oem4f (.text:xdc_runtime_Text_xprintf__I)
                  00032194    0000003a     drivers_tivaware.aem4f : I2CTiva.oem4f (.text:I2CTiva_completeTransfer)
                  000321ce    0000003a     driverlib.lib : usb.obj (.text:USBFIFOConfigSet)
                  00032208    0000003a     usblib.lib : usbhscsi.obj (.text:USBHSCSIRequestSense)
                  00032242    00000002     --HOLE-- [fill = 0]
                  00032244    00000038     driverlib.lib : eeprom.obj (.text:EEPROMRead)
                  0003227c    00000038     drivers_tivaware.aem4f : I2C.oem4f (.text:I2C_init)
                  000322b4    00000038     usblib.lib : usbtick.obj (.text:InternalUSBRegisterTickHandler)
                  000322ec    00000038                : usbtick.obj (.text:InternalUSBStartOfFrameTick)
                  00032324    00000038     drivers_tivaware.aem4f : SDSPI.oem4f (.text:SDSPI_init)
                  0003235c    00000038                            : SPI.oem4f (.text:SPI_init)
                  00032394    00000038                            : UART.oem4f (.text:UART_init)
                  000323cc    00000038     usblib.lib : usbdcdesc.obj (.text:USBDCDConfigGetInterfaceEndpoint)
                  00032404    00000038                : usbhostenum.obj (.text:USBHCDReset)
                  0003243c    00000038                : usbhscsi.obj (.text:USBHSCSITestUnitReady)
                  00032474    00000038     driverlib.lib : usb.obj (.text:USBIntStatusControl)
                  000324ac    00000038     drivers_tivaware.aem4f : USBMSCHFatFs.oem4f (.text:USBMSCHFatFs_init)
                  000324e4    00000038                            : Watchdog.oem4f (.text:Watchdog_init)
                  0003251c    00000038     rtsv7M4_T_le_v4SPD16_eabi.lib : fs_tod_t2.obj (.text)
                  00032554    00000004     --HOLE-- [fill = 0]
                  00032558    00000038     sysbios.aem4f : BIOS.obj (.text:ti_sysbios_family_arm_m3_Hwi_excNoIsr__I)
                  00032590    00000038     appNano_pem4f.oem4f (.text:ti_sysbios_knl_Clock_doTick__I)
                  000325c8    00000038     appNano_pem4f.oem4f (.text:ti_sysbios_knl_Queue_Object__get__S)
                  00032600    00000038     sysbios.aem4f : BIOS.obj (.text:ti_sysbios_knl_Task_processVitalTaskFlag__I)
                  00032638    00000038     ti.targets.arm.rtsarm.aem4f : SysMin.oem4f (.text:xdc_runtime_SysMin_putch__E)
                  00032670    00000038                                 : System.oem4f (.text:xdc_runtime_System_atexit__E)
                  000326a8    00000036     usblib.lib : usbdhid.obj (.text:HandleEndpoints)
                  000326de    00000036                : usbhhub.obj (.text:HubClearPortFeature)
                  00032714    00000036                : usbhhub.obj (.text:HubSetPortFeature)
                  0003274a    00000036     driverlib.lib : usb.obj (.text:USBEndpointDataPut)
                  00032780    00000034     usblib.lib : usbdhid.obj (.text:HIDTickHandler)
                  000327b4    00000034     driverlib.lib : sysctl.obj (.text:SysCtlPeripheralDisable)
                  000327e8    00000034                   : sysctl.obj (.text:SysCtlPeripheralEnable)
                  0003281c    00000034     drivers_tivaware.aem4f : UARTTiva.oem4f (.text:UARTTiva_close)
                  00032850    00000034     driverlib.lib : usb.obj (.text:USBEndpointDataSend)
                  00032884    00000034     usblib.lib : usbhostenum.obj (.text:USBHCDSetConfig)
                  000328b8    00000034                : usbhmsc.obj (.text:USBHMSCBlockRead)
                  000328ec    00000034                : usbhmsc.obj (.text:USBHMSCBlockWrite)
                  00032920    00000034     driverlib.lib : usb.obj (.text:USBHostEndpointStatusClear)
                  00032954    00000034     usblib.lib : usbmode.obj (.text:USBOTGRemovePower)
                  00032988    00000034     driverlib.lib : eeprom.obj (.text:_EEPROMSectorMaskClear)
                  000329bc    00000034     ti.sysbios.fatfs.aem4f : ffcio.oem4f (.text:ffcio_lseek)
                  000329f0    00000034     usblib.lib : usbdma.obj (.text:iDMAUSBChannelStatus)
                  00032a24    00000034     rtsv7M4_T_le_v4SPD16_eabi.lib : feraiseexcept.obj (.text)
                  00032a58    00000034     sysbios.aem4f : BIOS.obj (.text:ti_sysbios_family_arm_lm4_Timer_setPeriodMicroSecs__E)
                  00032a8c    00000004     --HOLE-- [fill = 0]
                  00032a90    00000034                   : BIOS.obj (.text:ti_sysbios_family_arm_m3_Hwi_excNmi__I)
                  00032ac4    00000004     --HOLE-- [fill = 0]
                  00032ac8    00000034                   : BIOS.obj (.text:ti_sysbios_hal_Hwi_checkStack)
                  00032afc    00000034     appNano_pem4f.oem4f (.text:ti_sysbios_knl_Semaphore_construct)
                  00032b30    00000034     ti.targets.arm.rtsarm.aem4f : Core-label.oem4f (.text:xdc_runtime_Core_assignLabel__I)
                  00032b64    00000033                                 : Text.oem4f (.text:xdc_runtime_Text_printVisFxn__I)
                  00032b97    00000001     --HOLE-- [fill = 0]
                  00032b98    00000032     usblib.lib : usbdhid.obj (.text:ClearReportTimer)
                  00032bca    00000032                : usbdhid.obj (.text:HandleConfigChange)
                  00032bfc    00000032                : usbdcdesc.obj (.text:NextConfigDescGet)
                  00032c2e    00000032     drivers_tivaware.aem4f : UARTTiva.oem4f (.text:UARTTiva_readCancel)
                  00032c60    00000032                            : UARTTiva.oem4f (.text:UARTTiva_writeCancel)
                  00032c92    00000032     driverlib.lib : usb.obj (.text:USBDevEndpointStall)
                  00032cc4    00000032     drivers_tivaware.aem4f : USBMSCHFatFsTiva.oem4f (.text:USBMSCHFatFsTiva_waitForConnect)
                  00032cf6    00000032     usblib.lib : usbdma.obj (.text:iDMAUSBChannelDisable)
                  00032d28    00000032     sysbios.aem4f : BIOS.obj (.text:ti_sysbios_hal_Hwi_initStack)
                  00032d5a    00000006     driverlib.lib : gpio.obj (.text:GPIOPinWrite)
                  00032d60    00000032     sysbios.aem4f : BIOS.obj (.text:ti_sysbios_knl_Semaphore_pendTimeout__I)
                  00032d92    00000030     usblib.lib : usbdma.obj (.text:DMAUSBIntHandler)
                  00032dc2    00000030     drivers_tivaware.aem4f : I2CTiva.oem4f (.text:I2CTiva_close)
                  00032df2    00000002     --HOLE-- [fill = 0]
                  00032df4    00000030     usblib.lib : usbtick.obj (.text:InternalUSBTickInit)
                  00032e24    00000030                : usbdenum.obj (.text:USBDGetConfiguration)
                  00032e54    00000030                : usbhmsc.obj (.text:USBHMSCClose)
                  00032e84    00000030     driverlib.lib : usb.obj (.text:USBHostHubAddrSet)
                  00032eb4    00000030     rtsv7M4_T_le_v4SPD16_eabi.lib : strncpy.obj (.text)
                  00032ee4    00000030                                   : xdclass.obj (.text)
                  00032f14    00000030                                   : xferaise.obj (.text)
                  00032f44    00000030     appNano_pem4f.oem4f (.text:ti_sysbios_BIOS_atExitFunc__I)
                  00032f74    00000030     appNano_pem4f.oem4f (.text:ti_sysbios_BIOS_errorRaiseHook__I)
                  00032fa4    00000030     appNano_pem4f.oem4f (.text:ti_sysbios_BIOS_rtsLock__I)
                  00032fd4    00000030     appNano_pem4f.oem4f (.text:ti_sysbios_gates_GateMutex_construct)
                  00033004    00000030     appNano_pem4f.oem4f (.text:ti_sysbios_knl_Queue_construct)
                  00033034    00000030     ti.sysbios.fatfs.aem4f : ff.oem4f (.text:validate)
                  00033064    00000030     ti.targets.arm.rtsarm.aem4f : SysMin.oem4f (.text:xdc_runtime_SysMin_abort__E)
                  00033094    00000030                                 : System.oem4f (.text:xdc_runtime_System_processAtExit__E)
                  000330c4    0000002e     rtsv7M4_T_le_v4SPD16_eabi.lib : i_tofd_t2.obj (.text)
                  000330f2    0000002e                                   : raise.obj (.text)
                  00033120    0000002e     appNano_pem4f.oem4f (.text:ti_sysbios_hal_Hwi_HwiProxy_create)
                  0003314e    0000002e     appNano_pem4f.oem4f (.text:ti_sysbios_hal_Timer_TimerProxy_create)
                  0003317c    0000002c     usblib.lib : usbhostenum.obj (.text:ConfigDescFree)
                  000331a8    0000002c                : usbhostenum.obj (.text:FIFOFree)
                  000331d4    0000002c                : usbhostenum.obj (.text:InternalUSBHCDSendEvent)
                  00033200    0000002c     drivers_tivaware.aem4f : SDSPITiva.oem4f (.text:SDSPITiva_close)
                  0003322c    0000002c     usblib.lib : usbdesc.obj (.text:USBDescGet)
                  00033258    0000002c                : usbdesc.obj (.text:USBDescGetAlternateInterface)
                  00033284    0000002c     driverlib.lib : usb.obj (.text:USBIntDisableControl)
                  000332b0    0000002c     Boot.aem4f : Boot_sysctl.oem4f (.text:_SysCtlMemTimingGet)
                  000332dc    0000002c     ti.sysbios.fatfs.aem4f : diskio.oem4f (.text:disk_register)
                  00033308    0000002c     appNano_pem4f.oem4f (.text:ti_sysbios_family_arm_m3_Hwi_Params__init__S)
                  00033334    00000004     --HOLE-- [fill = 0]
                  00033338    0000002c     sysbios.aem4f : BIOS.obj (.text:ti_sysbios_gates_GateAll_enter__E)
                  00033364    0000002c     appNano_pem4f.oem4f (.text:ti_sysbios_gates_GateMutex_Params__init__S)
                  00033390    0000002c     appNano_pem4f.oem4f (.text:ti_sysbios_hal_Hwi_Params__init__S)
                  000333bc    0000002c     appNano_pem4f.oem4f (.text:ti_sysbios_hal_Timer_Params__init__S)
                  000333e8    0000002c     appNano_pem4f.oem4f (.text:ti_sysbios_knl_Semaphore_Params__init__S)
                  00033414    0000002c     appNano_pem4f.oem4f (.text:ti_sysbios_knl_Task_Params__init__S)
                  00033440    0000002c     sysbios.aem4f : BIOS.obj (.text:ti_sysbios_knl_Task_restore__E)
                  0003346c    0000002c     driverlib.lib : udma.obj (.text:uDMAChannelAssign)
                  00033498    0000002c     usblib.lib : usbdma.obj (.text:uDMAUSBIntStatus)
                  000334c4    0000002c     ti.targets.arm.rtsarm.aem4f : Text.oem4f (.text:xdc_runtime_Text_cordText__E)
                  000334f0    0000002a     driverlib.lib : gpio.obj (.text:GPIODirModeSet)
                  0003351a    0000002a     drivers_tivaware.aem4f : SPITivaDMA.oem4f (.text:SPITivaDMA_close)
                  00033544    0000002a     usblib.lib : usbdcdesc.obj (.text:USBDCDConfigDescGetNum)
                  0003356e    0000002a                : usbdesc.obj (.text:USBDescGetNum)
                  00033598    0000002a     driverlib.lib : usb.obj (.text:USBDevEndpointDataAck)
                  000335c2    0000002a     rtsv7M4_T_le_v4SPD16_eabi.lib : frexp.obj (.text)
                  000335ec    0000002a                                   : strspn.obj (.text)
                  00033616    0000002a     ti.targets.arm.rtsarm.aem4f : System.oem4f (.text:xdc_runtime_System_putchar__I)
                  00033640    00000028     usblib.lib : usbdhid.obj (.text:GetIdleTimeout)
                  00033668    00000028                : usbdhid.obj (.text:HandleEP0DataReceived)
                  00033690    00000028                : usbdenum.obj (.text:USBDSetAddress)
                  000336b8    00000028     driverlib.lib : usb.obj (.text:USBIntEnableControl)
                  000336e0    00000028     drivers_tivaware.aem4f : USBMSCHFatFsTiva.oem4f (.text:USBMSCHFatFsTiva_serviceUSBHost)
                  00033708    00000028     ti.sysbios.fatfs.aem4f : diskio.oem4f (.text:disk_unregister)
                  00033730    00000028     appNano_pem4f.oem4f (.text:free)
                  00033758    00000028     appNano_pem4f.oem4f (.text:ti_sysbios_BIOS_startFunc__I)
                  00033780    00000028     appNano_pem4f.oem4f (.text:ti_sysbios_family_arm_lm4_Timer_Object__delete__S)
                  000337a8    00000028     sysbios.aem4f : BIOS.obj (.text:ti_sysbios_family_arm_m3_Hwi_Instance_finalize__E)
                  000337d0    00000028     appNano_pem4f.oem4f (.text:ti_sysbios_family_arm_m3_Hwi_Object__delete__S)
                  000337f8    00000028     appNano_pem4f.oem4f (.text:ti_sysbios_gates_GateMutex_Object__delete__S)
                  00033820    00000028     sysbios.aem4f : BIOS.obj (.text:ti_sysbios_hal_Hwi_Instance_init__E)
                  00033848    00000028     appNano_pem4f.oem4f (.text:ti_sysbios_hal_Hwi_Object__delete__S)
                  00033870    00000028     sysbios.aem4f : BIOS.obj (.text:ti_sysbios_hal_Timer_Instance_init__E)
                  00033898    00000028     appNano_pem4f.oem4f (.text:ti_sysbios_knl_Semaphore_Object__delete__S)
                  000338c0    00000028     sysbios.aem4f : BIOS.obj (.text:ti_sysbios_knl_Swi_Module_startup__E)
                  000338e8    00000028     appNano_pem4f.oem4f (.text:ti_sysbios_knl_Task_Object__delete__S)
                  00033910    00000028     driverlib.lib : udma.obj (.text:uDMAChannelModeGet)
                  00033938    00000028     appNano_pem4f.oem4f (.text:xdc_runtime_System_aprintf__E)
                  00033960    00000028     appNano_pem4f.oem4f (.text:xdc_runtime_System_printf__E)
                  00033988    00000026     usblib.lib : usbdhid.obj (.text:USBDHIDInit)
                  000339ae    00000026     driverlib.lib : usb.obj (.text:USBHostSpeedGet)
                  000339d4    00000026     rtsv7M4_T_le_v4SPD16_eabi.lib : strncmp.obj (.text)
                  000339fa    00000026     sysbios.aem4f : m3_Hwi_asm.obj (.text:ti_sysbios_family_arm_m3_Hwi_pendSV__I)
                  00033a20    00000026     appNano_pem4f.oem4f (.text:ti_sysbios_hal_Hwi_HwiProxy_Object__create__S)
                  00033a46    00000026     appNano_pem4f.oem4f (.text:ti_sysbios_hal_Timer_TimerProxy_Object__create__S)
                  00033a6c    00000026     ti.targets.arm.rtsarm.aem4f : System.oem4f (.text:xdc_runtime_System_avprintf__E)
                  00033a92    00000002     --HOLE-- [fill = 0]
                  00033a94    00000024     drivers_tivaware.aem4f : GPIOTiva.oem4f (.text:GPIO_init)
                  00033ab8    00000024     driverlib.lib : interrupt.obj (.text:IntPrioritySet)
                  00033adc    00000024                   : usb.obj (.text:USBEndpointDMADisable)
                  00033b00    00000024                   : usb.obj (.text:USBEndpointDMAEnable)
                  00033b24    00000024                   : usb.obj (.text:USBEndpointDataToggleClear)
                  00033b48    00000024     drivers_tivaware.aem4f : USBMSCHFatFsTiva.oem4f (.text:USBMSCHFatFsTiva_cbMSCHandler)
                  00033b6c    00000024                            : USBMSCHFatFsTiva.oem4f (.text:USBMSCHFatFsTiva_usbHCDEvents)
                  00033b90    00000024     usblib.lib : usbmode.obj (.text:USBStackModeSet)
                  00033bb4    00000024     ti.sysbios.fatfs.aem4f : ff.oem4f (.text:dir_remove)
                  00033bd8    00000024                            : ffcio.oem4f (.text:ffcio_close)
                  00033bfc    00000024     rtsv7M4_T_le_v4SPD16_eabi.lib : memmov.obj (.text)
                  00033c20    00000024                                   : sqrtf.obj (.text)
                  00033c44    00000024     appNano_pem4f.oem4f (.text:ti_sysbios_BIOS_registerRTSLock__I)
                  00033c68    00000024     sysbios.aem4f : BIOS.obj (.text:ti_sysbios_family_arm_m3_Hwi_doTaskRestore__I)
                  00033c8c    00000024     appNano_pem4f.oem4f (.text:ti_sysbios_gates_GateAll_Object__delete__S)
                  00033cb0    00000024     appNano_pem4f.oem4f (.text:ti_sysbios_gates_GateHwi_Object__delete__S)
                  00033cd4    00000024     appNano_pem4f.oem4f (.text:ti_sysbios_heaps_HeapMem_Object__delete__S)
                  00033cf8    00000024     sysbios.aem4f : BIOS.obj (.text:ti_sysbios_knl_Clock_Module_startup__E)
                  00033d1c    00000024     appNano_pem4f.oem4f (.text:time)
                  00033d40    00000024     driverlib.lib : udma.obj (.text:uDMAChannelControlSet)
                  00033d64    00000024     ti.targets.arm.rtsarm.aem4f : System.oem4f (.text:xdc_runtime_System_vprintf__E)
                  00033d88    00000022     usblib.lib : usbdhid.obj (.text:HandleDisconnect)
                  00033daa    00000022     driverlib.lib : usb.obj (.text:USBIntDisableEndpoint)
                  00033dcc    00000022     rtsv7M4_T_le_v4SPD16_eabi.lib : memcmp.obj (.text)
                  00033dee    00000002     --HOLE-- [fill = 0]
                  00033df0    00000022     sysbios.aem4f : BIOS.obj (.text:ti_sysbios_family_arm_lm4_Timer_write__I)
                  00033e12    00000022     appNano_pem4f.oem4f (.text:ti_sysbios_family_arm_m3_Hwi_Handle__label__S)
                  00033e34    00000022     appNano_pem4f.oem4f (.text:ti_sysbios_gates_GateAll_Handle__label__S)
                  00033e56    00000022     appNano_pem4f.oem4f (.text:ti_sysbios_gates_GateHwi_Handle__label__S)
                  00033e78    00000022     appNano_pem4f.oem4f (.text:ti_sysbios_gates_GateMutex_Handle__label__S)
                  00033e9a    00000022     appNano_pem4f.oem4f (.text:ti_sysbios_heaps_HeapMem_Handle__label__S)
                  00033ebc    00000022     appNano_pem4f.oem4f (.text:ti_sysbios_knl_Swi_Handle__label__S)
                  00033ede    00000022     appNano_pem4f.oem4f (.text:ti_sysbios_knl_Task_Handle__label__S)
                  00033f00    00000022     usblib.lib : usbdma.obj (.text:uDMAUSBChannelStatus)
                  00033f22    00000020                : usbdconfig.obj (.text:GetEndpointFIFOSize)
                  00033f42    00000020                : usbdhid.obj (.text:HandleEP0DataSent)
                  00033f62    00000002     --HOLE-- [fill = 0]
                  00033f64    00000020                : usbhhub.obj (.text:HubDriverDeviceConnect)
                  00033f84    00000020                : usbhhub.obj (.text:HubDriverDeviceReset)
                  00033fa4    00000020     driverlib.lib : uart.obj (.text:UARTDisable)
                  00033fc4    00000020     usblib.lib : usbdenum.obj (.text:USBDCDPowerStatusSet)
                  00033fe4    00000020     driverlib.lib : usb.obj (.text:USBHostEndpointDataAck)
                  00034004    00000020                   : sysctl.obj (.text:_SysCtlMemTimingGet)
                  00034024    00000020     ti.sysbios.fatfs.aem4f : ffcio.oem4f (.text:ffcio_read)
                  00034044    00000020                            : ffcio.oem4f (.text:ffcio_write)
                  00034064    00000020     rtsv7M4_T_le_v4SPD16_eabi.lib : memchr.obj (.text)
                  00034084    00000020                                   : u_tofd_t2.obj (.text)
                  000340a4    00000020     appNano_pem4f.oem4f (.text:ti_sysbios_BIOS_removeRTSLock__I)
                  000340c4    00000020     appNano_pem4f.oem4f (.text:ti_sysbios_family_arm_m3_Hwi_Object__destruct__S)
                  000340e4    00000004     --HOLE-- [fill = 0]
                  000340e8    00000020     sysbios.aem4f : BIOS.obj (.text:ti_sysbios_family_arm_m3_Hwi_clearInterrupt__E)
                  00034108    00000020                   : m3_Hwi_asm.obj (.text:ti_sysbios_family_arm_m3_Hwi_excHandlerAsm__I)
                  00034128    00000020                   : BIOS.obj (.text:ti_sysbios_family_arm_m3_Hwi_excHandler__I)
                  00034148    00000020     appNano_pem4f.oem4f (.text:ti_sysbios_gates_GateMutex_Object__destruct__S)
                  00034168    00000020     sysbios.aem4f : BIOS.obj (.text:ti_sysbios_knl_Idle_run__E)
                  00034188    00000020     appNano_pem4f.oem4f (.text:ti_sysbios_knl_Semaphore_Object__destruct__S)
                  000341a8    00000020     appNano_pem4f.oem4f (.text:ti_sysbios_knl_Task_Object__destruct__S)
                  000341c8    00000020     appNano_pem4f.oem4f (.text:xdc_runtime_IHeap_alloc)
                  000341e8    00000020     ti.targets.arm.rtsarm.aem4f : Registry.oem4f (.text:xdc_runtime_Registry_findById__E)
                  00034208    00000020                                 : SysMin.oem4f (.text:xdc_runtime_SysMin_Module_startup__E)
                  00034228    00000020     appNano_pem4f.oem4f (.text:xdc_runtime_Text_visitRope__I)
                  00034248    0000001e     usblib.lib : usbdesc.obj (.text:USBDescGetInterface)
                  00034266    0000001e     driverlib.lib : usb.obj (.text:USBULPIRegRead)
                  00034284    0000001e                   : usb.obj (.text:USBULPIRegWrite)
                  000342a2    0000001e     rtsv7M4_T_le_v4SPD16_eabi.lib : strcat.obj (.text)
                  000342c0    0000001e     sysbios.aem4f : m3_Hwi_asm_switch.obj (.text:ti_sysbios_family_xxx_Hwi_switchAndRunFunc)
                  000342de    0000001e     appNano_pem4f.oem4f (.text:ti_sysbios_knl_Task_SupportProxy_start__E)
                  000342fc    0000001e     appNano_pem4f.oem4f (.text:xdc_runtime_Memory_HeapProxy_alloc__E)
                  0003431a    00000002     --HOLE-- [fill = 0]
                  0003431c    0000001c     driverlib.lib : lcd.obj (.text:LCDClockReset)
                  00034338    0000001c     usblib.lib : usbmode.obj (.text:OTGDeviceDisconnect)
                  00034354    0000001c                : usbdcdesc.obj (.text:USBDCDConfigGetInterface)
                  00034370    0000001c                : usbdenum.obj (.text:USBDCDStallEP0)
                  0003438c    0000001c     driverlib.lib : usb.obj (.text:USBEndpointDataAvail)
                  000343a8    0000001c     drivers_tivaware.aem4f : USBMSCHFatFsTiva.oem4f (.text:USBMSCHFatFsTiva_diskIOctl)
                  000343c4    0000001c                            : WatchdogTiva.oem4f (.text:WatchdogTiva_setReload)
                  000343e0    0000001c     ti.sysbios.fatfs.aem4f : diskio.oem4f (.text:disk_initialize)
                  000343fc    0000001c                            : diskio.oem4f (.text:disk_ioctl)
                  00034418    0000001c                            : diskio.oem4f (.text:disk_read)
                  00034434    0000001c                            : diskio.oem4f (.text:disk_status)
                  00034450    0000001c                            : diskio.oem4f (.text:disk_write)
                  0003446c    0000001c                            : ff.oem4f (.text:mem_cmp)
                  00034488    0000001c     rtsv7M4_T_le_v4SPD16_eabi.lib : memccpy.obj (.text)
                  000344a4    00000004     --HOLE-- [fill = 0]
                  000344a8    0000001c     sysbios.aem4f : BIOS.obj (.text:ti_sysbios_family_arm_lm4_Seconds_get__E)
                  000344c4    0000001c     appNano_pem4f.oem4f (.text:ti_sysbios_family_arm_lm4_Timer_Module__startupDone__F)
                  000344e0    0000001c     appNano_pem4f.oem4f (.text:ti_sysbios_family_arm_m3_Hwi_Module__startupDone__F)
                  000344fc    00000004     --HOLE-- [fill = 0]
                  00034500    0000001c     sysbios.aem4f : BIOS.obj (.text:ti_sysbios_gates_GateMutex_Instance_init__E)
                  0003451c    0000001c     appNano_pem4f.oem4f (.text:ti_sysbios_knl_Queue_Object__destruct__S)
                  00034538    0000001c     sysbios.aem4f : BIOS.obj (.text:ti_sysbios_knl_Task_enter__I)
                  00034554    0000001c     ti.targets.arm.rtsarm.aem4f : Error.oem4f (.text:xdc_runtime_Error_raiseX__E)
                  00034570    0000001c                                 : Memory.oem4f (.text:xdc_runtime_Memory_valloc__E)
                  0003458c    0000001c     appNano_pem4f.oem4f (.text:xdc_runtime_Startup_exec__I)
                  000345a8    0000001c     ti.targets.arm.rtsarm.aem4f : SysMin.oem4f (.text:xdc_runtime_SysMin_exit__E)
                  000345c4    0000001c                                 : System.oem4f (.text:xdc_runtime_System_abort__E)
                  000345e0    0000001a     usblib.lib : usbdhid.obj (.text:ClearIdleTimers)
                  000345fa    0000001a                : usbdcdesc.obj (.text:USBDCDConfigDescGetSize)
                  00034614    0000001a     driverlib.lib : usb.obj (.text:USBEndpointDMAChannel)
                  0003462e    0000001a                   : usb.obj (.text:USBOTGSessionRequest)
                  00034648    0000001a     ti.sysbios.fatfs.aem4f : syncsysbios.oem4f (.text:ff_cre_syncobj)
                  00034662    00000006     driverlib.lib : i2c.obj (.text:I2CMasterIntDisable)
                  00034668    0000001a     sysbios.aem4f : BIOS.obj (.text:ti_sysbios_gates_GateAll_leave__E)
                  00034682    00000006     driverlib.lib : i2c.obj (.text:I2CMasterIntEnable)
                  00034688    0000001a     sysbios.aem4f : BIOS.obj (.text:ti_sysbios_knl_Task_sleepTimeout__I)
                  000346a2    0000001a     appNano_pem4f.oem4f (.text:xdc_runtime_IHeap_free)
                  000346bc    00000018     driverlib.lib : gpio.obj (.text:GPIOPinTypeGPIOOutput)
                  000346d4    00000018     drivers_tivaware.aem4f : I2C.oem4f (.text:I2C_open)
                  000346ec    00000018                            : SDSPI.oem4f (.text:SDSPI_open)
                  00034704    00000018     usblib.lib : usbdhid.obj (.text:SetDeferredOpFlag)
                  0003471c    00000018     driverlib.lib : timer.obj (.text:TimerDisable)
                  00034734    00000018     usblib.lib : usbdhandler.obj (.text:USB0DeviceIntHandler)
                  0003474c    00000018                : usbdenum.obj (.text:USBDSetDescriptor)
                  00034764    00000018                : usbdenum.obj (.text:USBDSyncFrame)
                  0003477c    00000018                : usbhhub.obj (.text:USBHHubEnumerationComplete)
                  00034794    00000018                : usbhhub.obj (.text:USBHHubEnumerationError)
                  000347ac    00000018     driverlib.lib : usb.obj (.text:USBHostPwrConfig)
                  000347c4    00000018                   : usb.obj (.text:USBHostRequestINClear)
                  000347dc    00000018     drivers_tivaware.aem4f : USBMSCHFatFsTiva.oem4f (.text:USBMSCHFatFsTiva_diskStatus)
                  000347f4    00000018     ti.sysbios.fatfs.aem4f : ff.oem4f (.text:clust2sect)
                  0003480c    00000018     rtsv7M4_T_le_v4SPD16_eabi.lib : args_main.obj (.text)
                  00034824    00000018                                   : strcmp.obj (.text)
                  0003483c    00000018     sysbios.aem4f : m3_TaskSupport_asm.obj (.text:ti_sysbios_family_arm_m3_TaskSupport_swap__E)
                  00034854    00000004     --HOLE-- [fill = 0]
                  00034858    00000018                   : BIOS.obj (.text:ti_sysbios_gates_GateMutex_leave__E)
                  00034870    00000018     driverlib.lib : udma.obj (.text:uDMAChannelDisable)
                  00034888    00000018                   : udma.obj (.text:uDMAChannelEnable)
                  000348a0    00000018                   : udma.obj (.text:uDMAChannelIsEnabled)
                  000348b8    00000018     ti.sysbios.fatfs.aem4f : ff.oem4f (.text:unlock_fs)
                  000348d0    00000018     ti.targets.arm.rtsarm.aem4f : Error.oem4f (.text:xdc_runtime_Error_check__E)
                  000348e8    00000018                                 : System.oem4f (.text:xdc_runtime_System_exit__E)
                  00034900    00000018                                 : Text.oem4f (.text:xdc_runtime_Text_ropeText__E)
                  00034918    00000016     driverlib.lib : i2c.obj (.text:I2CMasterErr)
                  0003492e    00000016     usblib.lib : usbdesc.obj (.text:USBDescGetInterfaceEndpoint)
                  00034944    00000016     driverlib.lib : usb.obj (.text:USBHostAddrSet)
                  0003495a    00000016                   : usb.obj (.text:USBIntEnableEndpoint)
                  00034970    00000016     rtsv7M4_T_le_v4SPD16_eabi.lib : strchr.obj (.text)
                  00034986    00000016     appNano_pem4f.oem4f (.text:ti_sysbios_BIOS_exitFunc__I)
                  0003499c    00000014     appNano_pem4f.oem4f (.text:.bootCodeSection:ti_catalog_arm_cortexm4_tiva_ce_Boot_init__I)
                  000349b0    00000014     driverlib.lib : lcd.obj (.text:LCDRasterEnable)
                  000349c4    00000014                   : sysctl.obj (.text:SysCtlUSBPLLDisable)
                  000349d8    00000014                   : sysctl.obj (.text:SysCtlUSBPLLEnable)
                  000349ec    00000014                   : uart.obj (.text:UARTEnable)
                  00034a00    00000014     usblib.lib : usbdenum.obj (.text:USBDCDRequestDataEP0)
                  00034a14    00000014                : usbdenum.obj (.text:USBDCDSendDataEP0)
                  00034a28    00000014     driverlib.lib : usb.obj (.text:USBDMAChannelConfigSet)
                  00034a3c    00000014     usblib.lib : usbhostenum.obj (.text:USBHCDPowerAutomatic)
                  00034a50    00000014                : usbhmsc.obj (.text:USBHMSCDriveOpen)
                  00034a64    00000014     driverlib.lib : usb.obj (.text:USBHostReset)
                  00034a78    00000014                   : usb.obj (.text:USBHostResume)
                  00034a8c    00000014     usblib.lib : usbhhub.obj (.text:USBHubPortSpeedSet)
                  00034aa0    00000014     driverlib.lib : usb.obj (.text:_USBIndexWrite)
                  00034ab4    00000014     rtsv7M4_T_le_v4SPD16_eabi.lib : _lock.obj (.text)
                  00034ac8    00000014                                   : strcpy.obj (.text)
                  00034adc    00000014                                   : strlen.obj (.text)
                  00034af0    00000014     sysbios.aem4f : BIOS.obj (.text:ti_sysbios_family_arm_m3_Hwi_switchFromBootStack__E)
                  00034b04    00000014     appNano_pem4f.oem4f (.text:ti_sysbios_hal_Hwi_HwiProxy_getStackInfo__E)
                  00034b18    00000014     appNano_pem4f.oem4f (.text:ti_sysbios_knl_Clock_Module_State_clockQ)
                  00034b2c    00000014     appNano_pem4f.oem4f (.text:xdc_runtime_Memory_HeapProxy_free__E)
                  00034b40    00000012     driverlib.lib : gpio.obj (.text:GPIOPinTypeEPI)
                  00034b52    00000012                   : gpio.obj (.text:GPIOPinTypeLCD)
                  00034b64    00000012                   : gpio.obj (.text:GPIOPinTypeSSI)
                  00034b76    00000012                   : gpio.obj (.text:GPIOPinTypeUART)
                  00034b88    00000012     usblib.lib : usbdhid.obj (.text:HandleResume)
                  00034b9a    00000012                : usbdhid.obj (.text:HandleSuspend)
                  00034bac    00000012     drivers_tivaware.aem4f : SDSPITiva.oem4f (.text:SDSPITiva_init)
                  00034bbe    00000012     driverlib.lib : ssi.obj (.text:SSIDataGetNonBlocking)
                  00034bd0    00000012     usblib.lib : usbhostenum.obj (.text:SendUnknownConnect)
                  00034be2    00000012     driverlib.lib : timer.obj (.text:TimerLoadSet)
                  00034bf4    00000012                   : timer.obj (.text:TimerPrescaleSet)
                  00034c06    00000012                   : usb.obj (.text:USBDMAChannelDisable)
                  00034c18    00000012                   : usb.obj (.text:USBDMAChannelEnable)
                  00034c2a    00000012                   : usb.obj (.text:USBDMAChannelIntDisable)
                  00034c3c    00000012                   : usb.obj (.text:USBDMAChannelIntEnable)
                  00034c4e    00000012                   : usb.obj (.text:USBHostLPMConfig)
                  00034c60    00000012                   : usb.obj (.text:USBHostRequestIN)
                  00034c72    00000012     ti.sysbios.fatfs.aem4f : ff.oem4f (.text:chk_chr)
                  00034c84    00000012                            : ffcio.oem4f (.text:ffcio_rename)
                  00034c96    00000012                            : ffcio.oem4f (.text:ffcio_unlink)
                  00034ca8    00000012     sysbios.aem4f : BIOS.obj (.text:ti_sysbios_hal_Hwi_Module_startup__E)
                  00034cba    00000006     drivers_tivaware.aem4f : I2CTiva.oem4f (.text:I2CTiva_control)
                  00034cc0    00000012     sysbios.aem4f : BIOS.obj (.text:ti_sysbios_hal_Timer_Module_startup__E)
                  00034cd2    00000002     --HOLE-- [fill = 0]
                  00034cd4    00000010     drivers_tivaware.aem4f : I2C.oem4f (.text:I2C_Params_init)
                  00034ce4    00000010     driverlib.lib : interrupt.obj (.text:IntMasterEnable)
                  00034cf4    00000010     drivers_tivaware.aem4f : SDSPITiva.oem4f (.text:SDSPITiva_diskStatus)
                  00034d04    00000010                            : SDSPI.oem4f (.text:SDSPI_Params_init)
                  00034d14    00000010     driverlib.lib : sysctl.obj (.text:SysCtlReset)
                  00034d24    00000010     usblib.lib : usbdhid.obj (.text:USBDHIDTerm)
                  00034d34    00000010     driverlib.lib : usb.obj (.text:USBEndpointStatus)
                  00034d44    00000010     usblib.lib : usbhostenum.obj (.text:USBHCDRegisterDrivers)
                  00034d54    00000010     driverlib.lib : usb.obj (.text:USBHostPwrDisable)
                  00034d64    00000010                   : eeprom.obj (.text:_EEPROMWaitForDone)
                  00034d74    00000010     ti.sysbios.fatfs.aem4f : ff.oem4f (.text:f_close)
                  00034d84    00000010                            : ff.oem4f (.text:mem_cpy)
                  00034d94    00000010     appNano_pem4f.oem4f (.text:ti_sysbios_BIOS_RtsGateProxy_leave__E)
[...]
0005f3ab  _HCI_Write_Scan_Enable                                               
0005f3d7  _HCI_Write_Simple_Pairing_Mode                                       
0005f403  _HCI_Write_Voice_Setting                                             
0005f42f  AcquireGAPLEContext                                                  
0005f483  BSC_RegisterEventCallback                                            
0005f4ad  BSC_UnLockBluetoothStack                                             
0005f555  GOEP_Cleanup                                                         
0005f57f  HCI_Change_SCO_Configuration                                         
0005f5a9  SPP_Cleanup                                                          
0005f5d3  _HCI_Enable_Device_Under_Test_Mode                                   
0005f73d  HCI_Enable_Device_Under_Test_Mode                                    
0005f765  HCI_Write_Default_Link_Policy_Settings                               
0005f78d  HCI_Write_SCO_Flow_Control_Enable                                    
0005f7b5  HCI_Write_Scan_Enable                                                
0005f7dd  HCI_Write_Voice_Setting                                              
0005f82d  VerifySharedBufferPointer                                            
0005f87b  BSC_QueryActiveFeatures                                              
0005f939  HCILL_Resynchronize                                                  
0005f95f  HCI_Build_ACL_Packet_Type_Mask                                       
0005faab  HCI_Query_LE_Controller_Support                                      
0005fb13  BSC_GetNextGenericListEntry                                          
0005fb33  CompareNULLBluetoothAddress                                          
0005fb55  InitializeBSCModule                                                  
0005fb75  InitializeDISModule                                                  
0005fbf5  _L2CA_Disconnect_Response                                            
0005fc33  BSC_FreeGenericListEntryList                                         
0005fce7  L2CA_Fixed_Channel_Data_Write                                        
0005fe25  ReleaseBluetoothStackInformation                                     
0005fe41  BSC_UnRegisterEventCallback                                          
0005fec1  BSC_AcquireListLock                                                  
0005fef1  InitializeCOMMList                                                   
0005ff09  InitializeGATTModule                                                 
0005ffd5  BSC_ReleaseListLock                                                  
0005fffd  DIS_Initialize_Service                                               
0006013d  GAPS_Initialize_Service                                              
00060179  HCI_Send_ACL_Data                                                    
00060453  _L2CA_Data_Write                                                     
000604cd  BSC_FreeGenericListEntryMemory                                       
00060513  HCI_RegisterACLDataCallback                                          
0006051d  HCI_RegisterEventCallback                                            
00060527  HCI_RegisterSCODataCallback                                          
00060531  HCI_Register_ACL_Data_Callback                                       
0006053b  HCI_Register_Event_Callback                                          
00060545  HCI_Register_SCO_Data_Callback                                       
0006054f  ReleaseGAPLEContext                                                  
00060571  GetCertPtr                                                           
000605cf  GetCertCurrentDate                                                   
000605d3  GetCertLength                                                        
000605d7  InitializeCertificateModule                                          
000605db  OTP_Initialize                                                       
00060608  __TI_static_base__                                                   
00060f84  __TI_Handler_Table_Base                                              
00060f90  __TI_Handler_Table_Limit                                             
00060fa0  __TI_CINIT_Base                                                      
00060fb8  __TI_CINIT_Limit                                                     
20000000  ti_sysbios_family_arm_m3_Hwi_ramVectors                              
20000400  ti_sysbios_heaps_HeapMem_Instance_State_0_buf__A                     
2000d940  ti_sysbios_knl_Task_Instance_State_0_stack__A                        
2000f940  ti_sysbios_knl_Task_Instance_State_1_stack__A                        
20011940  ti_sysbios_knl_Task_Instance_State_2_stack__A                        
20012a40  ti_sysbios_knl_Task_Instance_State_3_stack__A                        
20013240  SNR_HadArr                                                           
200266ec  g_dataBlob                                                           
2002f1bc  g_scanIndices                                                        
2002f5bc  xdc_runtime_SysMin_Module_State_0_outbuf__A                          
2002f9bc  usbmschfatfstivaObjects                                              
200300e8  ti_sysbios_family_arm_m3_Hwi_dispatchTable                           
20030a1c  i2cTivaObjects                                                       
20030c9c  sdspiTivaobjects                                                     
20031734  __TI_tmpnams                                                         
200317d4  ApplicationStateInfo_ScanSvc                                         
20031c00  __CIOBUF_                                                            
20031d20  spiTivaDMAobjects                                                    
20032068  uartTivaObjects                                                      
20032314  gBLECmdHandlerInput                                                  
200323a0  packetData                                                           
20032424  SNRData                                                              
200324fa  nNumWrBLE                                                            
200324fc  g_frameSyncArr                                                       
200325bc  g_psDCDInst                                                          
20032794  g_scanConfigIDs                                                      
200327bc  ApplicationStateInfo_GISvc                                           
200327fc  watchdogTivaObjects                                                  
2003281c  CmdSvcDeviceInfo                                                     
2003284c  gBLECmdHandlerRepsonse                                               
20032864  g_pfnTickHandlers                                                    
200328ac  g_pvTickInstance                                                     
200328dc  CmdSvcServiceInstance                                                
20032940  ApplicationStateInfo_CalSvc                                          
20032950  ApplicationStateInfo_ConfSvc                                         
20032960  ApplicationStateInfo_TimeSvc                                         
20032970  CalSvcServiceInstance                                                
20032980  ConfSvcServiceInstance                                               
20032990  GISvcServiceInstance                                                 
200329b0  ScanSvcServiceInstance                                               
200329c0  TimeSvcServiceInstance                                               
200329e0  spiTivaDMAscratchBuf                                                 
200329fc  LEContextInfo                                                        
20032a2c  ApplicationStateInfo_CmdSvc                                          
20032a34  SNRDataHad                                                           
20032a5a  nRemReadBLE                                                          
20032a98  bleNotificationList                                                  
20032a9c  blePendingResponseList                                               
20032ab8  g_DRDYTrigger                                                        
20032ac0  g_FrameTrigger                                                       
20032ac4  g_PatternTrigger                                                     
20032ac8  g_frameBuffer1                                                       
20032acc  g_patternNumCols                                                     
20032ad0  g_patternNumRows                                                     
20032ad8  g_ppsDevInfo                                                         
20032ae4  g_ui32PollRate                                                       
20032aec  g_ui32SysClk                                                         
20032b04  parmUnionBLE                                                         
20032b08  parmUnionUART                                                        
20032b0c  parmUnionUSB                                                         
20032b1c  rdp                                                                  
20032b20  rdpBLE                                                               
20032b24  rdpUART                                                              
20032b30  wrp                                                                  
20032b34  wrpBLE                                                               
20032b38  wrpUART                                                              
20032b3c  nRemReadPC                                                           
20032b3e  nRemReadUART                                                         
20032b40  nRemWritePC                                                          
20032b42  nRemWriteUART                                                        
20032b53  g_eOTGModeState                                                      
20032b58  __stack                                                              
20032d58  __STACK_TOP                                                          
20034b58  __STACK_END                                                          
20034b58  g_matrix_lookup                                                      
20034f48  ti_sysbios_family_arm_m3_Hwi_Object__table__V                        
200350f8  ti_sysbios_family_arm_lm4_Seconds_Module__state__V                   
20035100  ti_sysbios_family_arm_lm4_Timer_Module__root__V                      
20035108  ti_sysbios_family_arm_lm4_Timer_Module_State_0_handles__A            
20035128  ti_sysbios_family_arm_lm4_Timer_Module__state__V                     
20035134  ti_sysbios_family_arm_lm4_TimestampProvider_Module__state__V         
2003513c  ti_sysbios_family_arm_m3_Hwi_Module__root__V                         
20035144  ti_sysbios_family_arm_m3_Hwi_Module_State_0_excActive__A             
20035148  ti_sysbios_family_arm_m3_Hwi_Module_State_0_excContext__A            
2003514c  ti_sysbios_family_arm_m3_Hwi_Module_State_0_excStack__A              
20035150  ti_sysbios_gates_GateAll_Module__root__V                             
20035158  ti_sysbios_gates_GateHwi_Module__root__V                             
20035160  ti_sysbios_gates_GateHwi_Object__table__V                            
20035164  ti_sysbios_gates_GateMutex_Module__root__V                           
2003516c  ti_sysbios_hal_Hwi_Module__root__V                                   
20035174  ti_sysbios_hal_Timer_Module__root__V                                 
2003517c  ti_sysbios_hal_Timer_Object__table__V                                
2003518c  ti_sysbios_heaps_HeapMem_Module__root__V                             
20035194  ti_sysbios_heaps_HeapMem_Object__table__V                            
200351ac  ti_sysbios_knl_Clock_Module__root__V                                 
200351b4  ti_sysbios_knl_Queue_Module__root__V                                 
200351bc  ti_sysbios_knl_Semaphore_Module__root__V                             
200351c4  ti_sysbios_knl_Swi_Module__root__V                                   
200351cc  ti_sysbios_knl_Swi_Module__state__V                                  
200351e8  ti_sysbios_knl_Task_Module__root__V                                  
200351f0  ti_sysbios_knl_Task_Module_State_0_idleTask__A                       
200351f4  xdc_runtime_Error_Module__state__V                                   
200351f8  xdc_runtime_Memory_Module__state__V                                  
200351fc  xdc_runtime_Registry_Module__state__V                                
20035204  xdc_runtime_Startup_Module__state__V                                 
2003520c  xdc_runtime_SysMin_Module__state__V                                  
20035218  xdc_runtime_System_Module_State_0_atexitHandlers__A                  
20035238  xdc_runtime_System_Module__state__V                                  
20035240  xdc_runtime_Text_Module__state__V                                    
20035248  __xdc__init__addr                                                    
2003524c  ti_sysbios_knl_Task_Object__table__V                                 
20035330  TSK_idle                                                             
2003537c  ti_sysbios_family_arm_lm4_Timer_Object__table__V                     
2003547c  _ftable                                                              
2003556c  ti_sysbios_knl_Semaphore_Object__table__V                            
200357c8  _Denorm                                                              
200357d8  _Eps                                                                 
200357e8  _Hugeval                                                             
200357f8  _Inf                                                                 
20035808  _Nan                                                                 
20035818  _Snan                                                                
20035828  _Rteps                                                               
20035838  _Xbig                                                                
20035840  _Zero                                                                
20035848  ti_sysbios_knl_Swi_Module_State_0_readyQ__A                          
200358c8  ti_sysbios_knl_Task_Module_State_0_readyQ__A                         
20035948  ti_sysbios_hal_Hwi_Object__table__V                                  
20035a08  ti_sysbios_knl_Task_Module__state__V                                 
20035a8c  ti_sysbios_family_arm_lm4_Timer_Module_State_0_device__A             
20035acc  ti_sysbios_gates_GateMutex_Object__table__V                          
20035b04  g_pui8NirscanNanoDescriptor                                          
20035b0d  g_pui8HIDInterface                                                   
20035b18  g_sHIDDescriptorSection                                              
20035b20  g_psHIDSections                                                      
20035b34  g_sHIDConfigHeader                                                   
20035b3c  DISManufacturerName                                                  
20035b4f  DISModelNumber                                                       
20035b5e  DISFWRevNumber                                                       
20035b69  DISSWRevNumber                                                       
20035b6f  BASBatteryLevel                                                      
20035b70  ti_sysbios_family_arm_m3_Hwi_Module__state__V                        
20035ba4  ti_sysbios_knl_Swi_Object__table__V                                  
20035bd4  ti_sysbios_knl_Clock_Module__state__V                                
20035c44  uartStdFailResponse                                                  
20035c55  gIsBLEConnActive                                                     
20035c56  currentState                                                         
20035ca4  ti_sysbios_BIOS_Module__state__V                                     
20035ce4  g_ui32UnderflowCount                                                 
20035ce8  g_eof0Count                                                          
20035cec  g_eof1Count                                                          
20035cf8  g_frameBuffer0                                                       
20035cfc  g_frameBufferSz                                                      
20035d00  NirscanNanoDevice                                                    
20035d50  tpl_hook                                                             
20035d68  BLEStatus                                                            
20035d6c  g_uartTaskHandle                                                     
20035d70  g_uartTimerHandle                                                    
20035d74  g_bleCmdHandlerTaskHandle                                            
20035d78  g_bleMainTaskHandle                                                  
20035d8e  g_pui8HIDDeviceDescriptor                                            
20035db0  __TI_ft_end                                                          
20035db4  __aeabi_stdin                                                        
20035db8  __aeabi_stdout                                                       
20035dbc  __aeabi_stderr                                                       
20035dc0  _tz                                                                  
20035dd0  g_scanDataIdx                                                        
20035de0  pktState                                                             
20035de4  pMsg                                                                 
20035eb8  g_bUSBTimerInitialized                                               
20035ebc  g_ui32CurrentUSBTick                                                 
20035ec0  g_ui32USBSOFCount                                                    
20035ec4  g_iUSBMode                                                           
20035ec8  g_ui32WaitTicks                                                      
20035ed0  total_alloc                                                          
20035ef0  _lock                                                                
20035ef4  _unlock                                                              
20035ef8  __TI_cleanup_ptr                                                     
20035efc  __TI_dtors_ptr                                                       
20035f00  _Fenv                                                                
20035f04  _Tls_setup__Fenv                                                     
20035f11  g_TestOnOffButtonPresses                                             
20035f12  g_TestScanButtonPresses                                              
20035f13  g_ButtonTestMode                                                     
20035f14  b_sleeping                                                           
20035f18  pUartMsg                                                             
20035f4c  _Errno                                                               
20035f54  main_func_sp                                                         
20035f5c  gBLESuppMTUSize                                                      
e000e000  ti_sysbios_family_arm_m3_Hwi_nvic                                    
ffffffff  __binit__                                                            
ffffffff  __c_args__                                                           
ffffffff  binit                                                                
UNDEFED   SHT$$INIT_ARRAY$$Base                                                
UNDEFED   SHT$$INIT_ARRAY$$Limit                                               

[2202 symbols]
