******************************************************************************
                  TI ARM Linker PC v5.2.5                      
******************************************************************************
>> Linked Mon Sep 05 17:12:05 2016

OUTPUT FILE NAME:   <NIRscanNano.out>
ENTRY POINT SYMBOL: "_c_int00"  address: 0002f461


MEMORY CONFIGURATION

         name            origin    length      used     unused   attr    fill
----------------------  --------  ---------  --------  --------  ----  --------
  FLASH                 00000000   00100000  0006016c  0009fe94  R  X
  SRAM                  20000000   00040000  00034cb8  0000b348  RW X
  SDRAM                 60000000   01ffffff  00000000  01ffffff  RW X


SEGMENT ALLOCATION MAP

run origin  load origin   length   init length attrs members
----------  ----------- ---------- ----------- ----- -------
00000000    00000000    00060178   00060178    r-x
  00000000    00000000    0000003c   0000003c    r-- .resetVecs
  00000040    00000040    0003478a   0003478a    r-x .text
  000347d0    000347d0    00018cd8   00018cd8    r-- .const
  0004d4a8    0004d4a8    0001231e   0001231e    r-x *
  0005f7c8    0005f7c8    000009b0   000009b0    r-- .cinit
20000000    20000000    00000360   00000000    rw-
  20000000    20000000    00000360   00000000    rw- .vecs
20000400    20000400    0003495f   00000000    rw-
  20000400    20000400    00031551   00000000    rw- .bss
  20031954    20031954    00002000   00000000    rw- .stack
  20033958    20033958    00001407   00000000    rw- .data


SECTION ALLOCATION MAP

 output                                  attributes/
section   page    origin      length       input sections
--------  ----  ----------  ----------   ----------------
.resetVecs 
*          0    00000000    0000003c     
                  00000000    0000003c     appNano_pem4f.oem4f (.resetVecs)

.text      0    00000040    0003478a     
                  00000040    000041b0     dlpspeclib.lib : tpl.obj (.text)
                  000041f0    00002a2c     cmdProc.obj (.text)
                  00006c1c    00001a36     dlpspeclib.lib : dlpspec_helper.obj (.text)
                  00008652    00000002     drivers_tivaware.aem4f : SPITivaDMA.oem4f (.text:SPITivaDMA_serviceISR)
                  00008654    00001a10     dlpspeclib.lib : dlpspec_calib.obj (.text)
                  0000a064    00001904     scan.obj (.text)
                  0000b968    000016a4     dlpspeclib.lib : dlpspec_scan.obj (.text)
                  0000d00c    00001626     BTVS.obj (.text)
                  0000e632    00000002     drivers_tivaware.aem4f : SPITivaDMA.oem4f (.text:SPITivaDMA_transferCancel)
                  0000e634    0000156c     BLEProfMgr.obj (.text)
                  0000fba0    00001220     spi_flash.obj (.text)
                  00010dc0    000010ba     rtsv7M4_T_le_v4SPD16_eabi.lib : _printfi.obj (.text)
                  00011e7a    00000002     drivers_tivaware.aem4f : WatchdogTiva.oem4f (.text:WatchdogTiva_close)
                  00011e7c    00001024     BTPSKRNL.obj (.text)
                  00012ea0    00000e60     BLEGATTScanSvc.obj (.text)
                  00013d00    00000da8     BLECmdHandlerLiaison.obj (.text)
                  00014aa8    00000d2e     dlpspeclib.lib : dlpspec_scan_had.obj (.text)
                  000157d6    00000002     usblib.lib : usbdma.obj (.text:iDMAUSBArbSizeSet)
                  000157d8    00000c84     TivaWareLib.obj (.text)
                  0001645c    00000ae8     NIRscanNano.obj (.text)
                  00016f44    00000a90     ads1255.obj (.text)
                  000179d4    00000a6c     dlpc150.obj (.text)
                  00018440    00000a0c     BLEGATTGISvc.obj (.text)
                  00018e4c    000009e0     uartstdio.obj (.text)
                  0001982c    000008e0     HCITRANS.obj (.text)
                  0001a10c    00000894     fatsd.obj (.text)
                  0001a9a0    00000858     BAS.obj (.text)
                  0001b1f8    000007bc     tmp006.obj (.text)
                  0001b9b4    0000064c     BLENotificationHandler.obj (.text)
                  0001c000    0000063c     BLEGATTConfSvc.obj (.text)
                  0001c63c    00000630     bq24250.obj (.text)
                  0001cc6c    0000057c     BLEGATTCalSvc.obj (.text)
                  0001d1e8    00000530     display.obj (.text)
                  0001d718    00000510     usbCmdHandler.obj (.text)
                  0001dc28    000004f0     HAL.obj (.text)
                  0001e118    000004c8     nnoStatus.obj (.text)
                  0001e5e0    000004c4     nano_eeprom.obj (.text)
                  0001eaa4    000004ac     uartCmdHandler.obj (.text)
                  0001ef50    000004a0     flash.obj (.text)
                  0001f3f0    00000450     BTPSVEND.obj (.text)
                  0001f840    00000450     hdc1000.obj (.text)
                  0001fc90    00000430     sysbios.aem4f : BIOS.obj (.text:ti_sysbios_family_arm_m3_Hwi_excDumpRegs__I)
                  000200c0    00000418     dlpspeclib.lib : dlpspec_scan_col.obj (.text)
                  000204d8    000003f8     usblib.lib : usbhostenum.obj (.text:USBHostIntHandlerInternal)
                  000208d0    000003e4     sdram.obj (.text)
                  00020cb4    000003c8     BLEGATTStdSvcs.obj (.text)
                  0002107c    000003c0     trigger.obj (.text)
                  0002143c    0000038c     usbdhidcustom.obj (.text)
                  000217c8    00000350     dlpspeclib.lib : dlpspec_util.obj (.text)
                  00021b18    0000033c     ti.targets.arm.rtsarm.aem4f : System.oem4f (.text:xdc_runtime_System_doPrint__I)
                  00021e54    00000324     BLEGATTCmdSvc.obj (.text)
                  00022178    00000314     sysbios.aem4f : BIOS.obj (.text:ti_sysbios_knl_Semaphore_pend__E)
                  0002248c    0000030c     rtsv7M4_T_le_v4SPD16_eabi.lib : lowlev.obj (.text)
                  00022798    00000308     BLEUtils.obj (.text)
                  00022aa0    000002f8     ti.sysbios.fatfs.aem4f : ff.oem4f (.text:chk_mounted)
                  00022d98    000002f8     main.obj (.text)
                  00023090    000002d4     rtsv7M4_T_le_v4SPD16_eabi.lib : trgdrv.obj (.text)
                  00023364    000002c0     BLEGATTTimeSvc.obj (.text)
                  00023624    000002a8     rtsv7M4_T_le_v4SPD16_eabi.lib : mktime.obj (.text)
                  000238cc    00000004     usblib.lib : usbdma.obj (.text:DMAUSBStatus)
                  000238d0    00000254     sysbios.aem4f : BIOS.obj (.text:ti_sysbios_heaps_HeapMem_free__E)
                  00023b24    00000004     usblib.lib : usbdhid.obj (.text:HandleReset)
                  00023b28    00000240     sysbios.aem4f : BIOS.obj (.text:ti_sysbios_heaps_HeapMem_alloc__E)
                  00023d68    0000022c                   : BIOS.obj (.text:ti_sysbios_knl_Task_Instance_finalize__E)
                  00023f94    00000220     BLEMain.obj (.text)
                  000241b4    0000021e     rtsv7M4_T_le_v4SPD16_eabi.lib : ll_div_t2.obj (.text)
                  000243d2    0000021c     appNano_pem4f.oem4f (.text:xdc_runtime_System_printfExtend__I)
                  000245ee    00000002     usblib.lib : usbdma.obj (.text:iDMAUSBUnitSizeSet)
                  000245f0    00000214     sysbios.aem4f : BIOS.obj (.text:ti_sysbios_family_arm_lm4_Timer_Instance_init__E)
                  00024804    0000020c     nano_timer.obj (.text)
                  00024a10    00000204     driverlib.lib : sysctl.obj (.text:SysCtlClockFreqSet)
                  00024c14    00000204     Boot.aem4f : Boot_sysctl.oem4f (.text:ti_catalog_arm_cortexm4_tiva_ce_Boot_sysCtlClockFreqSetI__I)
                  00024e18    00000200     sysbios.aem4f : BIOS.obj (.text:ti_sysbios_knl_Task_sleep__E)
                  00025018    000001fc                   : BIOS.obj (.text:ti_sysbios_family_arm_m3_Hwi_excHandlerMax__I)
                  00025214    000001f4     rtsv7M4_T_le_v4SPD16_eabi.lib : ull_div_t2.obj (.text)
                  00025408    000001f0     drivers_tivaware.aem4f : SDSPITiva.oem4f (.text:SDSPITiva_diskInitialize)
                  000255f8    000001c8     sysbios.aem4f : BIOS.obj (.text:ti_sysbios_knl_Task_Instance_init__E)
                  000257c0    000001c4     rtsv7M4_T_le_v4SPD16_eabi.lib : fopen.obj (.text)
                  00025984    000001b6                                   : fd_add_t2.obj (.text)
                  00025b3a    000001ae     ti.sysbios.fatfs.aem4f : ff.oem4f (.text:f_mkdir)
                  00025ce8    000001a8                            : ff.oem4f (.text:f_write)
                  00025e90    000001a4     bleCmdHandler.obj (.text)
                  00026034    0000019c     usblib.lib : usbhostenum.obj (.text:USBHCDPipeAllocSize)
                  000261d0    00000194     button.obj (.text)
                  00026364    00000190     drivers_tivaware.aem4f : USBMSCHFatFsTiva.oem4f (.text:USBMSCHFatFsTiva_open)
                  000264f4    0000018c     usblib.lib : usbhostenum.obj (.text:ProcessUSBDeviceStateMachine)
                  00026680    00000178     ti.sysbios.fatfs.aem4f : ff.oem4f (.text:f_read)
                  000267f8    00000174     usblib.lib : usbhhub.obj (.text:USBHHubMain)
                  0002696c    00000004     driverlib.lib : i2c.obj (.text:I2CMasterControl)
                  00026970    00000174     sysbios.aem4f : BIOS.obj (.text:ti_sysbios_family_arm_m3_Hwi_excBusFault__I)
                  00026ae4    00000168     usblib.lib : usbhostenum.obj (.text:USBHCDInitInternal)
                  00026c4c    00000004     driverlib.lib : i2c.obj (.text:I2CMasterDataGet)
                  00026c50    00000168     sysbios.aem4f : BIOS.obj (.text:ti_sysbios_family_arm_lm4_Timer_start__E)
                  00026db8    00000164                   : BIOS.obj (.text:ti_sysbios_family_arm_m3_Hwi_excUsageFault__I)
                  00026f1c    00000162     ti.sysbios.fatfs.aem4f : ff.oem4f (.text:f_lseek)
                  0002707e    00000002     rtsv7M4_T_le_v4SPD16_eabi.lib : i_div0.obj (.text)
                  00027080    00000160     usblib.lib : usbdma.obj (.text:USBLibDMAInit)
                  000271e0    00000150                : usbdenum.obj (.text:USBDEP0StateTxConfig)
                  00027330    00000150                : usbdenum.obj (.text:USBDeviceIntHandlerInternal)
                  00027480    00000150                : usbhostenum.obj (.text:USBHCDPipeRead)
                  000275d0    00000150     ti.sysbios.fatfs.aem4f : ff.oem4f (.text:f_open)
                  00027720    00000148     usblib.lib : usbdenum.obj (.text:USBDCDInit)
                  00027868    00000148                : usbdconfig.obj (.text:USBDeviceConfig)
                  000279b0    00000148     rtsv7M4_T_le_v4SPD16_eabi.lib : sqrt.obj (.text)
                  00027af8    00000148     sysbios.aem4f : BIOS.obj (.text:ti_sysbios_family_arm_m3_Hwi_excMemFault__I)
                  00027c40    00000140     drivers_tivaware.aem4f : UARTTiva.oem4f (.text:UARTTiva_open)
                  00027d80    00000140     sysbios.aem4f : BIOS.obj (.text:ti_sysbios_knl_Semaphore_post__E)
                  00027ec0    0000013c                   : BIOS.obj (.text:ti_sysbios_heaps_HeapMem_Instance_init__E)
                  00027ffc    00000004     driverlib.lib : i2c.obj (.text:I2CMasterDataPut)
                  00028000    00000138     sysbios.aem4f : BIOS.obj (.text:ti_sysbios_family_arm_m3_Hwi_dispatchC__I)
                  00028138    00000136     rtsv7M4_T_le_v4SPD16_eabi.lib : fd_div_t2.obj (.text)
                  0002826e    00000002                                   : l_div0.obj (.text)
                  00028270    00000134                                   : fputs.obj (.text)
                  000283a4    00000004     driverlib.lib : lcd.obj (.text:LCDIntClear)
                  000283a8    00000134     sysbios.aem4f : BIOS.obj (.text:ti_sysbios_knl_Clock_workFunc__E)
                  000284dc    00000132     driverlib.lib : gpio.obj (.text:GPIOPadConfigSet)
                  0002860e    00000002     appNano_pem4f.oem4f (.text:ti_sysbios_BIOS_nullFunc__I)
                  00028610    0000012c     usblib.lib : usbhostenum.obj (.text:USBHCDPipeWrite)
                  0002873c    00000122     ti.sysbios.fatfs.aem4f : ff.oem4f (.text:f_rename)
                  0002885e    00000002     usblib.lib : usbdma.obj (.text:uDMAUSBChannelIntDisable)
                  00028860    00000120     ti.targets.arm.rtsarm.aem4f : Error.oem4f (.text:xdc_runtime_Error_policyDefault__E)
                  00028980    0000011c     driverlib.lib : sysctl.obj (.text:SysCtlClockGet)
                  00028a9c    00000004                   : ssi.obj (.text:SSIIntClear)
                  00028aa0    0000011c     sysbios.aem4f : BIOS.obj (.text:ti_sysbios_knl_Swi_run__I)
                  00028bbc    00000117     ti.sysbios.fatfs.aem4f : ff.oem4f (.text:create_name)
                  00028cd3    00000001     --HOLE-- [fill = 0]
                  00028cd4    00000114     usblib.lib : usbdhid.obj (.text:HandleRequest)
                  00028de8    00000114     rtsv7M4_T_le_v4SPD16_eabi.lib : strtoul.obj (.text)
                  00028efc    00000110                                   : xdscale.obj (.text)
                  0002900c    00000108     drivers_tivaware.aem4f : SPITivaDMA.oem4f (.text:SPITivaDMA_open)
                  00029114    00000104     ti.targets.arm.rtsarm.aem4f : Core-mem.oem4f (.text:xdc_runtime_Core_createObject__I)
                  00029218    00000100     usblib.lib : usbhostenum.obj (.text:USBHCDEnumHandler)
                  00029318    000000fe     ti.sysbios.fatfs.aem4f : ff.oem4f (.text:dir_next)
                  00029416    00000002     usblib.lib : usbdma.obj (.text:uDMAUSBChannelIntEnable)
                  00029418    000000fc                : usbhmsc.obj (.text:USBHMSCDriveReady)
                  00029514    000000fc     rtsv7M4_T_le_v4SPD16_eabi.lib : fd_mul_t2.obj (.text)
                  00029610    000000fc     ti.targets.arm.rtsarm.aem4f : Startup.oem4f (.text:xdc_runtime_Startup_startMods__I)
                  0002970c    000000f8     drivers_tivaware.aem4f : SDSPITiva.oem4f (.text:SDSPITiva_diskIOctrl)
                  00029804    000000f8                            : SDSPITiva.oem4f (.text:SDSPITiva_open)
                  000298fc    000000f4     usblib.lib : usbdma.obj (.text:iDMAUSBTransfer)
                  000299f0    000000f4     sysbios.aem4f : m3_Hwi_asm.obj (.text:ti_sysbios_family_arm_m3_Hwi_dispatch__I)
                  00029ae4    000000f0     usblib.lib : usbhostenum.obj (.text:USBHCDControlTransfer)
                  00029bd4    000000f0                : usbhostenum.obj (.text:USBHCDPipeFree)
                  00029cc4    000000ec                : usbhostenum.obj (.text:USBHCDInit)
                  00029db0    000000ec     battery.obj (.text)
                  00029e9c    000000ec     cmdHandlerIFMgr.obj (.text)
                  00029f88    000000ec     ti.sysbios.fatfs.aem4f : ff.oem4f (.text:f_getfree)
                  0002a074    000000ec     rtsv7M4_T_le_v4SPD16_eabi.lib : fread.obj (.text)
                  0002a160    000000e8     drivers_tivaware.aem4f : SDSPITiva.oem4f (.text:SDSPITiva_diskWrite)
                  0002a248    000000e4                            : I2CTiva.oem4f (.text:I2CTiva_open)
                  0002a32c    000000e4     usblib.lib : usbdenum.obj (.text:USBDGetDescriptor)
                  0002a410    000000e0                : usbdhid.obj (.text:USBDHIDCompositeInit)
                  0002a4f0    000000e0                : usbhostenum.obj (.text:USBHCDMain)
                  0002a5d0    000000de     ti.sysbios.fatfs.aem4f : ff.oem4f (.text:put_fat)
                  0002a6ae    00000002     appNano_pem4f.oem4f (.text:xdc_runtime_Startup_reset__I)
                  0002a6b0    000000dc     rtsv7M4_T_le_v4SPD16_eabi.lib : setvbuf.obj (.text)
                  0002a78c    000000d8     drivers_tivaware.aem4f : SPITivaDMA.oem4f (.text:SPITivaDMA_configDMA)
                  0002a864    000000d8     usblib.lib : usbdenum.obj (.text:USBDeviceEnumHandler)
                  0002a93c    000000d8                : usbhostenum.obj (.text:USBHCDPipeConfig)
                  0002aa14    00000004     driverlib.lib : timer.obj (.text:TimerIntClear)
                  0002aa18    000000d8     sysbios.aem4f : BIOS.obj (.text:ti_sysbios_family_arm_lm4_TimestampProvider_get32__E)
                  0002aaf0    000000d6     drivers_tivaware.aem4f : I2CTiva.oem4f (.text:I2CTiva_hwiFxn)
                  0002abc6    000000cc     ti.sysbios.fatfs.aem4f : ff.oem4f (.text:get_fat)
                  0002ac92    00000006     driverlib.lib : gpio.obj (.text:GPIOPinRead)
                  0002ac98    000000cc     sysbios.aem4f : BIOS.obj (.text:ti_sysbios_knl_Task_schedule__I)
                  0002ad64    000000cc     ti.targets.arm.rtsarm.aem4f : Core-smem.oem4f (.text:xdc_runtime_Core_constructObject__I)
                  0002ae30    000000c8     driverlib.lib : usb.obj (.text:USBHostEndpointConfig)
                  0002aef8    000000c8     rtsv7M4_T_le_v4SPD16_eabi.lib : fflush.obj (.text)
                  0002afc0    000000c4     driverlib.lib : eeprom.obj (.text:EEPROMProgram)
                  0002b084    000000c4     drivers_tivaware.aem4f : SDSPITiva.oem4f (.text:send_cmd)
                  0002b148    000000c4     usblib.lib : usbdma.obj (.text:uDMAUSBChannelAllocate)
                  0002b20c    000000c2     ti.sysbios.fatfs.aem4f : ff.oem4f (.text:f_unlink)
                  0002b2ce    00000002     --HOLE-- [fill = 0]
                  0002b2d0    000000c0     drivers_tivaware.aem4f : SDSPITiva.oem4f (.text:SDSPITiva_diskRead)
                  0002b390    000000c0     ti.sysbios.fatfs.aem4f : ff.oem4f (.text:sync)
                  0002b450    000000be     rtsv7M4_T_le_v4SPD16_eabi.lib : xdnorm.obj (.text)
                  0002b50e    00000002     --HOLE-- [fill = 0]
                  0002b510    000000bc     usblib.lib : usbmode.obj (.text:USB0OTGModeIntHandler)
                  0002b5cc    00000004     driverlib.lib : uart.obj (.text:UARTIntClear)
                  0002b5d0    000000bc     sysbios.aem4f : BIOS.obj (.text:ti_sysbios_family_arm_m3_Hwi_excDebugMon__I)
                  0002b68c    00000004     driverlib.lib : usb.obj (.text:USBDevAddrSet)
                  0002b690    000000bc     sysbios.aem4f : BIOS.obj (.text:ti_sysbios_family_arm_m3_Hwi_excHardFault__I)
                  0002b74c    00000004     drivers_tivaware.aem4f : USBMSCHFatFsTiva.oem4f (.text:USBMSCHFatFsTiva_hwiHandler)
                  0002b750    000000bc     sysbios.aem4f : BIOS.obj (.text:ti_sysbios_knl_Task_startCore__E)
                  0002b80c    000000bc     usblib.lib : usbdma.obj (.text:uDMAUSBTransfer)
                  0002b8c8    000000b4     sysbios.aem4f : BIOS.obj (.text:ti_sysbios_gates_GateMutex_enter__E)
                  0002b97c    00000004     driverlib.lib : watchdog.obj (.text:WatchdogReloadSet)
                  0002b980    000000b4     sysbios.aem4f : BIOS.obj (.text:ti_sysbios_knl_Task_checkStacks__E)
                  0002ba34    000000b0     ti.sysbios.fatfs.aem4f : ff.oem4f (.text:f_sync)
                  0002bae4    000000b0                            : ffcio.oem4f (.text:ffcio_open)
                  0002bb94    000000ac     rtsv7M4_T_le_v4SPD16_eabi.lib : _io_perm.obj (.text)
                  0002bc40    000000ac     sysbios.aem4f : BIOS.obj (.text:ti_sysbios_family_arm_lm4_Timer_enableTiva__I)
                  0002bcec    00000004     ti.sysbios.fatfs.aem4f : syncsysbios.oem4f (.text:ff_rel_grant)
                  0002bcf0    000000ac     sysbios.aem4f : BIOS.obj (.text:ti_sysbios_knl_Swi_post__E)
                  0002bd9c    00000004     ti.sysbios.fatfs.aem4f : diskio.oem4f (.text:get_fattime)
                  0002bda0    000000a8     sysbios.aem4f : BIOS.obj (.text:ti_sysbios_family_arm_lm4_Timer_enableTimers__I)
                  0002be48    000000a8                   : BIOS.obj (.text:ti_sysbios_knl_Task_blockI__E)
                  0002bef0    000000a8                   : BIOS.obj (.text:ti_sysbios_knl_Task_postInit__I)
                  0002bf98    000000a4     usblib.lib : usbhmsc.obj (.text:USBHMSCOpen)
                  0002c03c    000000a0                : usbhostenum.obj (.text:USBHCDDeviceDisconnected)
                  0002c0dc    000000a0     auto_init.aem4f : auto_init.oem4f (.text)
                  0002c17c    000000a0     drivers_tivaware.aem4f : SDSPITiva.oem4f (.text:rcvr_datablock)
                  0002c21c    000000a0     rtsv7M4_T_le_v4SPD16_eabi.lib : _bufread.obj (.text)
                  0002c2bc    000000a0     appNano_pem4f.oem4f (.text:ti_sysbios_BIOS_rtsUnlock__I)
                  0002c35c    00000004     sysbios.aem4f : BIOS.obj (.text:ti_sysbios_family_arm_lm4_Timer_masterEnable__I)
                  0002c360    000000a0                   : BIOS.obj (.text:ti_sysbios_family_arm_m3_Hwi_Instance_init__E)
                  0002c400    0000009c     drivers_tivaware.aem4f : WatchdogTiva.oem4f (.text:WatchdogTiva_open)
                  0002c49c    0000009c     rtsv7M4_T_le_v4SPD16_eabi.lib : memcpy_t2.obj (.text)
                  0002c538    0000009c     sysbios.aem4f : BIOS.obj (.text:ti_sysbios_knl_Semaphore_Instance_init__E)
                  0002c5d4    0000009a     ti.targets.arm.rtsarm.aem4f : Text.oem4f (.text:xdc_runtime_Text_putSite__E)
                  0002c66e    0000009a     drivers_tivaware.aem4f : SDSPITiva.oem4f (.text:xmit_datablock)
                  0002c708    00000098     usblib.lib : usbdenum.obj (.text:USBDSetInterface)
                  0002c7a0    00000098     ti.sysbios.fatfs.aem4f : ff.oem4f (.text:create_chain)
                  0002c838    00000098     rtsv7M4_T_le_v4SPD16_eabi.lib : fclose.obj (.text)
                  0002c8d0    00000098                                   : fputc.obj (.text)
                  0002c968    00000096                                   : strerror.obj (.text)
                  0002c9fe    00000002     --HOLE-- [fill = 0]
                  0002ca00    00000094                                   : snprintf.obj (.text)
                  0002ca94    00000094     Boot.aem4f : Boot.oem4f (.text:ti_catalog_arm_cortexm4_tiva_ce_Boot_sysCtlClockFreqSet__E)
                  0002cb28    00000094     sysbios.aem4f : BIOS.obj (.text:ti_sysbios_family_arm_m3_Hwi_initNVIC__E)
                  0002cbbc    00000004     appNano_pem4f.oem4f (.text:ti_sysbios_family_arm_m3_TaskSupport_Module__startupDone__S)
                  0002cbc0    00000094     sysbios.aem4f : BIOS.obj (.text:ti_sysbios_knl_Task_exit__E)
                  0002cc54    00000094     ti.targets.arm.rtsarm.aem4f : Text.oem4f (.text:xdc_runtime_Text_putMod__E)
                  0002cce8    00000090     usblib.lib : usbdenum.obj (.text:USBDSetConfiguration)
                  0002cd78    00000090                : usbhostenum.obj (.text:USBHCDOpenDriver)
                  0002ce08    00000090     sysbios.aem4f : BIOS.obj (.text:ti_sysbios_knl_Task_unblockI__E)
                  0002ce98    00000090     usbhandler.obj (.text)
                  0002cf28    0000008c     usblib.lib : usbhostenum.obj (.text:FIFOAlloc)
                  0002cfb4    0000008c                : usbdconfig.obj (.text:USBDeviceConfigAlternate)
                  0002d040    0000008c                : usbhostenum.obj (.text:USBHCDClearFeature)
                  0002d0cc    0000008c     sysbios.aem4f : m3_TaskSupport_asm.obj (.text:ti_sysbios_family_arm_m3_TaskSupport_buildTaskStack)
                  0002d158    00000088     usblib.lib : usbdhid.obj (.text:ProcessIdleTimers)
                  0002d1e0    00000088                : usbhscsi.obj (.text:USBHSCSISendCommand)
                  0002d268    00000088     rtsv7M4_T_le_v4SPD16_eabi.lib : vsnprintf.obj (.text)
                  0002d2f0    00000086                                   : fd_cmp_t2.obj (.text:__aeabi_cdcmple)
                  0002d376    00000086                                   : fd_cmp_t2.obj (.text:__aeabi_cdrcmple)
                  0002d3fc    00000084     usblib.lib : usbdma.obj (.text:iDMAUSBChannelAllocate)
                  0002d480    00000084     driverlib.lib : udma.obj (.text:uDMAChannelTransferSet)
                  0002d504    00000080     usblib.lib : usbdenum.obj (.text:USBDClearFeature)
                  0002d584    00000080     cmdDict.obj (.text)
                  0002d604    00000004     ti.targets.arm.rtsarm.aem4f : Error.oem4f (.text:xdc_runtime_Error_getSite__E)
                  0002d608    00000080     sysbios.aem4f : BIOS.obj (.text:ti_sysbios_family_arm_lm4_Timer_disableTiva__I)
                  0002d688    0000007e     drivers_tivaware.aem4f : I2CTiva.oem4f (.text:I2CTiva_transfer)
                  0002d706    0000007c     ti.sysbios.fatfs.aem4f : ff.oem4f (.text:dir_sdi)
                  0002d782    0000007c                            : ff.oem4f (.text:get_fileinfo)
                  0002d7fe    0000007a     driverlib.lib : usb.obj (.text:USBDevEndpointConfigSet)
                  0002d878    0000007a     rtsv7M4_T_le_v4SPD16_eabi.lib : memset_t2.obj (.text)
                  0002d8f2    0000007a     drivers_tivaware.aem4f : UARTTiva.oem4f (.text:writeData)
                  0002d96c    00000078     usblib.lib : usbdenum.obj (.text:USBDGetStatus)
                  0002d9e4    00000078     led.obj (.text)
                  0002da5c    00000078     appNano_pem4f.oem4f (.text:ti_sysbios_family_arm_lm4_Timer_Object__create__S)
                  0002dad4    00000078     appNano_pem4f.oem4f (.text:ti_sysbios_family_arm_m3_Hwi_Object__create__S)
                  0002db4c    00000074     usblib.lib : usbhostenum.obj (.text:USBHCDGetConfigDescriptor)
                  0002dbc0    00000074     ti.sysbios.fatfs.aem4f : ff.oem4f (.text:check_fs)
                  0002dc34    00000074                            : ff.oem4f (.text:follow_path)
                  0002dca8    00000074     sysbios.aem4f : BIOS.obj (.text:ti_sysbios_family_arm_m3_Hwi_postInit__I)
                  0002dd1c    00000072     usblib.lib : usbdhid.obj (.text:USBDHIDPacketRead)
                  0002dd8e    00000002     --HOLE-- [fill = 0]
                  0002dd90    00000070                : usbdenum.obj (.text:USBDEP0StateTx)
                  0002de00    00000070                : usbdma.obj (.text:uDMAUSBArbSizeSet)
                  0002de70    00000070                : usbdma.obj (.text:uDMAUSBUnitSizeSet)
                  0002dee0    00000070     ti.targets.arm.rtsarm.aem4f : Memory.oem4f (.text:xdc_runtime_Memory_alloc__E)
                  0002df50    0000006e     ti.sysbios.fatfs.aem4f : ff.oem4f (.text:move_window)
                  0002dfbe    0000006c     drivers_tivaware.aem4f : UARTTiva.oem4f (.text:UARTTiva_read)
                  0002e02a    0000006c                            : UARTTiva.oem4f (.text:UARTTiva_write)
                  0002e096    00000002     --HOLE-- [fill = 0]
                  0002e098    0000006c     usblib.lib : usbdenum.obj (.text:USBDSetFeature)
                  0002e104    0000006c                : usbmode.obj (.text:USBOTGSetMode)
                  0002e170    0000006c     ti.sysbios.fatfs.aem4f : ff.oem4f (.text:f_opendir)
                  0002e1dc    00000004     ti.targets.arm.rtsarm.aem4f : System.oem4f (.text:xdc_runtime_System_aprintf_va__F)
                  0002e1e0    0000006c     sysbios.aem4f : BIOS.obj (.text:ti_sysbios_family_arm_lm4_Timer_initDevice__I)
                  0002e24c    0000006c     ti.targets.arm.rtsarm.aem4f : Error.oem4f (.text:xdc_runtime_Error_print__E)
                  0002e2b8    0000006a     rtsv7M4_T_le_v4SPD16_eabi.lib : copy_decompress_rle.obj (.text)
                  0002e322    00000002     --HOLE-- [fill = 0]
                  0002e324    00000068     driverlib.lib : interrupt.obj (.text:IntDisable)
                  0002e38c    00000068                   : interrupt.obj (.text:IntEnable)
                  0002e3f4    00000068     rtsv7M4_T_le_v4SPD16_eabi.lib : trgmsg.obj (.text)
                  0002e45c    00000068     appNano_pem4f.oem4f (.text:ti_sysbios_family_arm_m3_Hwi_create)
                  0002e4c4    00000068     appNano_pem4f.oem4f (.text:ti_sysbios_hal_Hwi_create)
                  0002e52c    00000068     appNano_pem4f.oem4f (.text:ti_sysbios_hal_Timer_create)
                  0002e594    00000066     drivers_tivaware.aem4f : UARTTiva.oem4f (.text:UARTTiva_readPolling)
                  0002e5fa    00000066     rtsv7M4_T_le_v4SPD16_eabi.lib : xdunscal.obj (.text)
                  0002e660    00000066     ti.targets.arm.rtsarm.aem4f : Core-mem.oem4f (.text:xdc_runtime_Core_deleteObject__I)
                  0002e6c6    00000064     usblib.lib : usbdhid.obj (.text:HandleGetDescriptor)
                  0002e72a    00000002     --HOLE-- [fill = 0]
                  0002e72c    00000064     driverlib.lib : interrupt.obj (.text:IntIsEnabled)
                  0002e790    00000064     usblib.lib : usbhostenum.obj (.text:USBHostCheckPipes)
                  0002e7f4    00000064     appNano_pem4f.oem4f (.text:realloc)
                  0002e858    00000064     ti.sysbios.fatfs.aem4f : ff.oem4f (.text:remove_chain)
                  0002e8bc    00000064     rtsv7M4_T_le_v4SPD16_eabi.lib : fseek.obj (.text)
                  0002e920    00000064                                   : ftell.obj (.text)
                  0002e984    00000004     ti.targets.arm.rtsarm.aem4f : System.oem4f (.text:xdc_runtime_System_printf_va__F)
                  0002e988    00000064     sysbios.aem4f : BIOS.obj (.text:ti_sysbios_family_arm_lm4_Timer_Module_startup__E)
                  0002e9ec    00000064     appNano_pem4f.oem4f (.text:ti_sysbios_knl_Task_create)
                  0002ea50    00000064     usblib.lib : usbdma.obj (.text:uDMAUSBChannelEnable)
                  0002eab4    00000062     drivers_tivaware.aem4f : I2CTiva.oem4f (.text:I2CTiva_primeTransfer)
                  0002eb16    00000062                            : UARTTiva.oem4f (.text:UARTTiva_hwiIntFxn)
                  0002eb78    00000062     ti.sysbios.fatfs.aem4f : ff.oem4f (.text:f_chmod)
                  0002ebda    00000062     drivers_tivaware.aem4f : UARTTiva.oem4f (.text:readData)
                  0002ec3c    00000060     usblib.lib : usbdhid.obj (.text:HandleDevice)
                  0002ec9c    00000060                : usbdhid.obj (.text:ProcessDataFromHost)
                  0002ecfc    00000060     driverlib.lib : timer.obj (.text:TimerConfigure)
                  0002ed5c    00000060     usblib.lib : usbdenum.obj (.text:USBDReadAndDispatchRequest)
                  0002edbc    00000060     ti.sysbios.fatfs.aem4f : ff.oem4f (.text:dir_register)
                  0002ee1c    00000060                            : ff.oem4f (.text:f_readdir)
                  0002ee7c    00000060     rtsv7M4_T_le_v4SPD16_eabi.lib : sprintf.obj (.text)
                  0002eedc    00000004     --HOLE-- [fill = 0]
                  0002eee0    00000060     sysbios.aem4f : BIOS.obj (.text:ti_sysbios_family_arm_lm4_Timer_isrStub__E)
                  0002ef40    00000060                   : BIOS.obj (.text:ti_sysbios_knl_Clock_logTick__E)
                  0002efa0    00000060     ti.targets.arm.rtsarm.aem4f : System.oem4f (.text:xdc_runtime_System_formatNum__I)
                  0002f000    0000005e     driverlib.lib : usb.obj (.text:USBDevEndpointStatusClear)
                  0002f05e    00000002     --HOLE-- [fill = 0]
                  0002f060    0000005c     usblib.lib : usbhostenum.obj (.text:ConfigDescAlloc)
                  0002f0bc    0000005c                : usbdhid.obj (.text:FindHIDDescriptor)
                  0002f118    0000005c                : usbhostenum.obj (.text:USBHCDGetDeviceDescriptor)
                  0002f174    0000005c                : usbhscsi.obj (.text:USBHSCSIRead10)
                  0002f1d0    0000005c                : usbhscsi.obj (.text:USBHSCSIWrite10)
                  0002f22c    00000004     --HOLE-- [fill = 0]
                  0002f230    0000005c     sysbios.aem4f : BIOS.obj (.text:ti_sysbios_knl_Swi_restoreHwi__E)
                  0002f28c    00000004     --HOLE-- [fill = 0]
                  0002f290    0000005c                   : BIOS.obj (.text:ti_sysbios_knl_Swi_schedule__I)
                  0002f2ec    00000004     --HOLE-- [fill = 0]
                  0002f2f0    0000005c                   : BIOS.obj (.text:ti_sysbios_knl_Task_Module_startup__E)
                  0002f34c    0000005c     drivers_tivaware.aem4f : SDSPITiva.oem4f (.text:wait_ready)
                  0002f3a8    0000005b     ti.targets.arm.rtsarm.aem4f : Text.oem4f (.text:xdc_runtime_Text_putLab__E)
                  0002f403    00000001     --HOLE-- [fill = 0]
                  0002f404    0000005a     drivers_tivaware.aem4f : SPITivaDMA.oem4f (.text:SPITivaDMA_transfer)
                  0002f45e    00000002     --HOLE-- [fill = 0]
                  0002f460    00000058     boot.aem4f : boot.oem4f (.text)
                  0002f4b8    00000058     usblib.lib : usbdenum.obj (.text:USBDCDTerm)
                  0002f510    00000058                : usbhostenum.obj (.text:USBHCDEP0StateTx)
                  0002f568    00000058                : usbhostenum.obj (.text:USBHCDHubDeviceConnected)
                  0002f5c0    00000058     sysbios.aem4f : BIOS.obj (.text:ti_sysbios_family_arm_lm4_Timer_Instance_finalize__E)
                  0002f618    00000058     appNano_pem4f.oem4f (.text:ti_sysbios_family_arm_m3_Hwi_construct)
                  0002f670    00000058     sysbios.aem4f : m3_Hwi_asm_switch.obj (.text:ti_sysbios_family_arm_m3_Hwi_initStacks__E)
                  0002f6c8    00000058     appNano_pem4f.oem4f (.text:ti_sysbios_hal_Hwi_construct)
                  0002f720    00000056     rtsv7M4_T_le_v4SPD16_eabi.lib : ltoa.obj (.text)
                  0002f776    00000056     usblib.lib : usbdma.obj (.text:uDMAUSBChannelRelease)
                  0002f7cc    00000054     driverlib.lib : eeprom.obj (.text:EEPROMMassErase)
                  0002f820    00000054     usblib.lib : usbdhid.obj (.text:ProcessDataToHost)
                  0002f874    00000054     drivers_tivaware.aem4f : USBMSCHFatFsTiva.oem4f (.text:USBMSCHFatFsTiva_diskWrite)
                  0002f8c8    00000054     rtsv7M4_T_le_v4SPD16_eabi.lib : vfprintf.obj (.text)
                  0002f91c    00000054     appNano_pem4f.oem4f (.text:ti_sysbios_knl_Task_construct)
                  0002f970    00000052     usblib.lib : usbulpi.obj (.text:ULPIConfigSet)
                  0002f9c2    00000052     drivers_tivaware.aem4f : USBMSCHFatFsTiva.oem4f (.text:USBMSCHFatFsTiva_close)
                  0002fa14    00000052     rtsv7M4_T_le_v4SPD16_eabi.lib : ldexp.obj (.text)
                  0002fa66    00000050     usblib.lib : usbhhub.obj (.text:HubGetPortStatus)
                  0002fab6    00000002     --HOLE-- [fill = 0]
                  0002fab8    00000050     driverlib.lib : sysctl.obj (.text:SysCtlPeripheralReset)
                  0002fb08    00000050     usblib.lib : usbdcdesc.obj (.text:USBDCDConfigDescGet)
                  0002fb58    00000050                : usbdenum.obj (.text:USBDeviceResumeTickHandler)
                  0002fba8    00000050     Boot.aem4f : Boot_sysctl.oem4f (.text:_SysCtlFrequencyGet)
                  0002fbf8    00000050     sysbios.aem4f : BIOS.obj (.text:ti_sysbios_family_arm_m3_Hwi_Module_startup__E)
                  0002fc48    00000050     ti.targets.arm.rtsarm.aem4f : Startup.oem4f (.text:xdc_runtime_Startup_exec__E)
                  0002fc98    00000050                                 : Text.oem4f (.text:xdc_runtime_Text_visitRope2__I)
                  0002fce8    0000004e     drivers_tivaware.aem4f : SPITivaDMA.oem4f (.text:SPITivaDMA_hwiFxn)
                  0002fd36    0000004c     usblib.lib : usbdconfig.obj (.text:GetEPDescriptorType)
                  0002fd82    00000002     --HOLE-- [fill = 0]
                  0002fd84    0000004c                : usbhhub.obj (.text:HubDriverDeviceDisconnect)
                  0002fdd0    0000004c     driverlib.lib : i2c.obj (.text:I2CMasterInitExpClk)
                  0002fe1c    0000004c     usblib.lib : usbdenum.obj (.text:USBDStringIndexFromRequest)
                  0002fe68    0000004c     driverlib.lib : usb.obj (.text:USBEndpointDMAConfigSet)
                  0002feb4    0000004c     usblib.lib : usbhostenum.obj (.text:USBHCDPowerConfigSet)
                  0002ff00    0000004c     drivers_tivaware.aem4f : USBMSCHFatFsTiva.oem4f (.text:USBMSCHFatFsTiva_diskRead)
                  0002ff4c    0000004c     usblib.lib : usbdma.obj (.text:iDMAUSBChannelEnable)
                  0002ff98    0000004c     rtsv7M4_T_le_v4SPD16_eabi.lib : atoi.obj (.text)
                  0002ffe4    0000004c                                   : cpy_tbl.obj (.text)
                  00030030    0000004c                                   : localtim.obj (.text)
                  0003007c    0000004c     appNano_pem4f.oem4f (.text:ti_sysbios_fatfs_startup)
                  000300c8    0000004c     sysbios.aem4f : BIOS.obj (.text:ti_sysbios_heaps_HeapMem_getStats__E)
                  00030114    00000004     --HOLE-- [fill = 0]
                  00030118    0000004c                   : BIOS.obj (.text:ti_sysbios_knl_Swi_runLoop__I)
                  00030164    00000004     --HOLE-- [fill = 0]
                  00030168    0000004c                   : BIOS.obj (.text:ti_sysbios_knl_Task_allBlockedFunction__I)
                  000301b4    0000004a     usblib.lib : usbdcdesc.obj (.text:ConfigAlternateInterfaceGet)
                  000301fe    0000004a                : usbdhid.obj (.text:USBDHIDReportWrite)
                  00030248    0000004a     driverlib.lib : usb.obj (.text:USBDevEndpointStallClear)
                  00030292    0000004a     ti.sysbios.fatfs.aem4f : ff.oem4f (.text:dir_find)
                  000302dc    0000004a     usblib.lib : usbdma.obj (.text:uDMAUSBChannelDisable)
                  00030326    00000002     --HOLE-- [fill = 0]
                  00030328    00000048     driverlib.lib : gpio.obj (.text:GPIOPinConfigure)
                  00030370    00000048     usblib.lib : usbdhid.obj (.text:SetIdleTimeout)
                  000303b8    00000048                : usbdenum.obj (.text:USBDeviceEnumResetHandler)
                  00030400    00000048     driverlib.lib : usb.obj (.text:USBFIFOFlush)
                  00030448    00000048     usblib.lib : usbhostenum.obj (.text:USBHCDSetAddress)
                  00030490    00000048     driverlib.lib : sysctl.obj (.text:_SysCtlFrequencyGet)
                  000304d8    00000048     rtsv7M4_T_le_v4SPD16_eabi.lib : fd_toi_t2.obj (.text)
                  00030520    00000048                                   : fd_tos_t2.obj (.text)
                  00030568    00000048                                   : ll_tofs_t2.obj (.text)
                  000305b0    00000048     sysbios.aem4f : BIOS.obj (.text:ti_sysbios_family_arm_m3_Hwi_disableInterrupt__E)
                  000305f8    00000048                   : BIOS.obj (.text:ti_sysbios_family_arm_m3_Hwi_enableInterrupt__E)
                  00030640    00000048                   : BIOS.obj (.text:ti_sysbios_family_arm_m3_Hwi_excReserved__I)
                  00030688    00000048     appNano_pem4f.oem4f (.text:ti_sysbios_fatfs_getFatTime)
                  000306d0    00000048     driverlib.lib : udma.obj (.text:uDMAChannelAttributeDisable)
                  00030718    00000048     ti.targets.arm.rtsarm.aem4f : Assert.oem4f (.text:xdc_runtime_Assert_raise__I)
                  00030760    00000046     driverlib.lib : uart.obj (.text:UARTConfigSetExpClk)
                  000307a6    00000046                   : usb.obj (.text:USBEndpointDataGet)
                  000307ec    00000046     ti.targets.arm.rtsarm.aem4f : Core-params.oem4f (.text:xdc_runtime_Core_assignParams__I)
                  00030832    00000002     --HOLE-- [fill = 0]
                  00030834    00000044     usblib.lib : usbdenum.obj (.text:USBDCDDeviceInfoInit)
                  00030878    00000044                : usbdenum.obj (.text:USBDGetInterface)
                  000308bc    00000044                : usbhhub.obj (.text:USBHHubInit)
                  00030900    00000044     ti.sysbios.fatfs.aem4f : ff.oem4f (.text:f_mount)
                  00030944    00000044     appNano_pem4f.oem4f (.text:malloc)
                  00030988    00000044     rtsv7M4_T_le_v4SPD16_eabi.lib : exit.obj (.text)
                  000309cc    00000044                                   : fd_tou_t2.obj (.text)
                  00030a10    00000044     drivers_tivaware.aem4f : SDSPITiva.oem4f (.text:send_initial_clock_train)
                  00030a54    00000004     --HOLE-- [fill = 0]
                  00030a58    00000044     sysbios.aem4f : BIOS.obj (.text:ti_sysbios_family_arm_lm4_Timer_stop__E)
                  00030a9c    00000004     --HOLE-- [fill = 0]
                  00030aa0    00000044                   : BIOS.obj (.text:ti_sysbios_family_arm_m3_Hwi_getStackInfo__E)
                  00030ae4    00000044     ti.targets.arm.rtsarm.aem4f : Error.oem4f (.text:xdc_runtime_Error_setX__E)
                  00030b28    00000044                                 : SysMin.oem4f (.text:xdc_runtime_SysMin_flush__E)
                  00030b6c    00000042     driverlib.lib : ssi.obj (.text:SSIConfigSetExpClk)
                  00030bae    00000002     --HOLE-- [fill = 0]
                  00030bb0    00000040                   : eeprom.obj (.text:EEPROMInit)
                  00030bf0    00000040     usblib.lib : usbdhid.obj (.text:ScheduleReportTransmission)
                  00030c30    00000040     drivers_tivaware.aem4f : UARTTiva.oem4f (.text:UARTTiva_writePolling)
                  00030c70    00000040     usblib.lib : usbhmsc.obj (.text:USBHMSCGetMaxLUN)
                  00030cb0    00000040     drivers_tivaware.aem4f : USBMSCHFatFsTiva.oem4f (.text:USBMSCHFatFsTiva_diskInitialize)
                  00030cf0    00000040     ti.sysbios.fatfs.aem4f : ff.oem4f (.text:dir_read)
                  00030d30    00000040     rtsv7M4_T_le_v4SPD16_eabi.lib : signal.obj (.text)
                  00030d70    00000040                                   : u_divt2.obj (.text)
                  00030db0    00000040     sysbios.aem4f : BIOS.obj (.text:ti_sysbios_family_arm_lm4_Timer_startup__E)
                  00030df0    00000040     appNano_pem4f.oem4f (.text:ti_sysbios_family_arm_m3_Hwi_Object__get__S)
                  00030e30    00000040     appNano_pem4f.oem4f (.text:ti_sysbios_gates_GateAll_Object__create__S)
                  00030e70    00000040     appNano_pem4f.oem4f (.text:ti_sysbios_gates_GateHwi_Object__create__S)
                  00030eb0    00000040     appNano_pem4f.oem4f (.text:ti_sysbios_gates_GateMutex_Object__create__S)
                  00030ef0    00000040     appNano_pem4f.oem4f (.text:ti_sysbios_heaps_HeapMem_Object__create__S)
                  00030f30    00000040     appNano_pem4f.oem4f (.text:ti_sysbios_heaps_HeapMem_Object__get__S)
                  00030f70    00000040     appNano_pem4f.oem4f (.text:ti_sysbios_knl_Semaphore_create)
                  00030fb0    00000040     appNano_pem4f.oem4f (.text:ti_sysbios_knl_Swi_Object__get__S)
                  00030ff0    0000003e     appNano_pem4f.oem4f (.text:xdc_runtime_SysMin_output__I)
                  0003102e    00000002     --HOLE-- [fill = 0]
                  00031030    0000003c     usblib.lib : usbhhub.obj (.text:HubDriverReset)
                  0003106c    0000003c                : usbdenum.obj (.text:USBDCDRemoteWakeupRequest)
                  000310a8    0000003c                : usbhscsi.obj (.text:USBHSCSIInquiry)
                  000310e4    0000003c                : usbhscsi.obj (.text:USBHSCSIReadCapacity)
                  00031120    0000003c     driverlib.lib : eeprom.obj (.text:_EEPROMSectorMaskSet)
                  0003115c    0000003c     usblib.lib : usbdma.obj (.text:iDMAUSBChannelRelease)
                  00031198    0000003c     sysbios.aem4f : BIOS.obj (.text:ti_sysbios_family_arm_m3_Hwi_excSvCall__I)
                  000311d4    00000004     --HOLE-- [fill = 0]
                  000311d8    0000003c                   : BIOS.obj (.text:ti_sysbios_family_arm_m3_TaskSupport_start__E)
                  00031214    0000003c     appNano_pem4f.oem4f (.text:ti_sysbios_gates_GateAll_create)
                  00031250    0000003c     sysbios.aem4f : BIOS.obj (.text:ti_sysbios_heaps_HeapMem_init__I)
                  0003128c    00000004     --HOLE-- [fill = 0]
                  00031290    0000003c                   : BIOS.obj (.text:ti_sysbios_knl_Swi_restore__E)
                  000312cc    00000004     --HOLE-- [fill = 0]
                  000312d0    0000003c                   : BIOS.obj (.text:ti_sysbios_knl_Swi_startup__E)
                  0003130c    0000003c     appNano_pem4f.oem4f (.text:ti_sysbios_knl_Task_Object__get__S)
                  00031348    0000003c     ti.targets.arm.rtsarm.aem4f : Text.oem4f (.text:xdc_runtime_Text_xprintf__I)
                  00031384    0000003a     drivers_tivaware.aem4f : I2CTiva.oem4f (.text:I2CTiva_completeTransfer)
                  000313be    0000003a     driverlib.lib : usb.obj (.text:USBFIFOConfigSet)
                  000313f8    0000003a     usblib.lib : usbhscsi.obj (.text:USBHSCSIRequestSense)
                  00031432    00000002     --HOLE-- [fill = 0]
                  00031434    00000038     driverlib.lib : eeprom.obj (.text:EEPROMRead)
                  0003146c    00000038     drivers_tivaware.aem4f : I2C.oem4f (.text:I2C_init)
                  000314a4    00000038     usblib.lib : usbtick.obj (.text:InternalUSBRegisterTickHandler)
                  000314dc    00000038                : usbtick.obj (.text:InternalUSBStartOfFrameTick)
                  00031514    00000038     drivers_tivaware.aem4f : SDSPI.oem4f (.text:SDSPI_init)
                  0003154c    00000038                            : SPI.oem4f (.text:SPI_init)
                  00031584    00000038                            : UART.oem4f (.text:UART_init)
                  000315bc    00000038     usblib.lib : usbdcdesc.obj (.text:USBDCDConfigGetInterfaceEndpoint)
                  000315f4    00000038                : usbhostenum.obj (.text:USBHCDReset)
                  0003162c    00000038                : usbhscsi.obj (.text:USBHSCSITestUnitReady)
                  00031664    00000038     driverlib.lib : usb.obj (.text:USBIntStatusControl)
                  0003169c    00000038     drivers_tivaware.aem4f : USBMSCHFatFs.oem4f (.text:USBMSCHFatFs_init)
                  000316d4    00000038                            : Watchdog.oem4f (.text:Watchdog_init)
                  0003170c    00000038     rtsv7M4_T_le_v4SPD16_eabi.lib : fs_tod_t2.obj (.text)
                  00031744    00000004     --HOLE-- [fill = 0]
                  00031748    00000038     sysbios.aem4f : BIOS.obj (.text:ti_sysbios_family_arm_m3_Hwi_excNoIsr__I)
                  00031780    00000038     appNano_pem4f.oem4f (.text:ti_sysbios_knl_Clock_doTick__I)
                  000317b8    00000038     appNano_pem4f.oem4f (.text:ti_sysbios_knl_Queue_Object__get__S)
                  000317f0    00000038     sysbios.aem4f : BIOS.obj (.text:ti_sysbios_knl_Task_processVitalTaskFlag__I)
                  00031828    00000038     ti.targets.arm.rtsarm.aem4f : SysMin.oem4f (.text:xdc_runtime_SysMin_putch__E)
                  00031860    00000038                                 : System.oem4f (.text:xdc_runtime_System_atexit__E)
                  00031898    00000036     usblib.lib : usbdhid.obj (.text:HandleEndpoints)
                  000318ce    00000036                : usbhhub.obj (.text:HubClearPortFeature)
                  00031904    00000036                : usbhhub.obj (.text:HubSetPortFeature)
                  0003193a    00000036     driverlib.lib : usb.obj (.text:USBEndpointDataPut)
                  00031970    00000034     usblib.lib : usbdhid.obj (.text:HIDTickHandler)
                  000319a4    00000034     driverlib.lib : sysctl.obj (.text:SysCtlPeripheralDisable)
                  000319d8    00000034                   : sysctl.obj (.text:SysCtlPeripheralEnable)
                  00031a0c    00000034     drivers_tivaware.aem4f : UARTTiva.oem4f (.text:UARTTiva_close)
                  00031a40    00000034     driverlib.lib : usb.obj (.text:USBEndpointDataSend)
                  00031a74    00000034     usblib.lib : usbhostenum.obj (.text:USBHCDSetConfig)
                  00031aa8    00000034                : usbhmsc.obj (.text:USBHMSCBlockRead)
                  00031adc    00000034                : usbhmsc.obj (.text:USBHMSCBlockWrite)
                  00031b10    00000034     driverlib.lib : usb.obj (.text:USBHostEndpointStatusClear)
                  00031b44    00000034     usblib.lib : usbmode.obj (.text:USBOTGRemovePower)
                  00031b78    00000034     driverlib.lib : eeprom.obj (.text:_EEPROMSectorMaskClear)
                  00031bac    00000034     ti.sysbios.fatfs.aem4f : ffcio.oem4f (.text:ffcio_lseek)
                  00031be0    00000034     usblib.lib : usbdma.obj (.text:iDMAUSBChannelStatus)
                  00031c14    00000034     rtsv7M4_T_le_v4SPD16_eabi.lib : feraiseexcept.obj (.text)
                  00031c48    00000034     sysbios.aem4f : BIOS.obj (.text:ti_sysbios_family_arm_lm4_Timer_setPeriodMicroSecs__E)
                  00031c7c    00000004     --HOLE-- [fill = 0]
                  00031c80    00000034                   : BIOS.obj (.text:ti_sysbios_family_arm_m3_Hwi_excNmi__I)
                  00031cb4    00000004     --HOLE-- [fill = 0]
                  00031cb8    00000034                   : BIOS.obj (.text:ti_sysbios_hal_Hwi_checkStack)
                  00031cec    00000034     appNano_pem4f.oem4f (.text:ti_sysbios_knl_Semaphore_construct)
                  00031d20    00000034     ti.targets.arm.rtsarm.aem4f : Core-label.oem4f (.text:xdc_runtime_Core_assignLabel__I)
                  00031d54    00000033                                 : Text.oem4f (.text:xdc_runtime_Text_printVisFxn__I)
                  00031d87    00000001     --HOLE-- [fill = 0]
                  00031d88    00000032     usblib.lib : usbdhid.obj (.text:ClearReportTimer)
                  00031dba    00000032                : usbdhid.obj (.text:HandleConfigChange)
                  00031dec    00000032                : usbdcdesc.obj (.text:NextConfigDescGet)
                  00031e1e    00000032     drivers_tivaware.aem4f : UARTTiva.oem4f (.text:UARTTiva_readCancel)
                  00031e50    00000032                            : UARTTiva.oem4f (.text:UARTTiva_writeCancel)
                  00031e82    00000032     driverlib.lib : usb.obj (.text:USBDevEndpointStall)
                  00031eb4    00000032     drivers_tivaware.aem4f : USBMSCHFatFsTiva.oem4f (.text:USBMSCHFatFsTiva_waitForConnect)
                  00031ee6    00000032     usblib.lib : usbdma.obj (.text:iDMAUSBChannelDisable)
                  00031f18    00000032     sysbios.aem4f : BIOS.obj (.text:ti_sysbios_hal_Hwi_initStack)
                  00031f4a    00000006     driverlib.lib : gpio.obj (.text:GPIOPinWrite)
                  00031f50    00000032     sysbios.aem4f : BIOS.obj (.text:ti_sysbios_knl_Semaphore_pendTimeout__I)
                  00031f82    00000030     usblib.lib : usbdma.obj (.text:DMAUSBIntHandler)
                  00031fb2    00000030     drivers_tivaware.aem4f : I2CTiva.oem4f (.text:I2CTiva_close)
                  00031fe2    00000002     --HOLE-- [fill = 0]
                  00031fe4    00000030     usblib.lib : usbtick.obj (.text:InternalUSBTickInit)
                  00032014    00000030                : usbdenum.obj (.text:USBDGetConfiguration)
                  00032044    00000030                : usbhmsc.obj (.text:USBHMSCClose)
                  00032074    00000030     driverlib.lib : usb.obj (.text:USBHostHubAddrSet)
                  000320a4    00000030     rtsv7M4_T_le_v4SPD16_eabi.lib : strncpy.obj (.text)
                  000320d4    00000030                                   : xdclass.obj (.text)
                  00032104    00000030                                   : xferaise.obj (.text)
                  00032134    00000030     appNano_pem4f.oem4f (.text:ti_sysbios_BIOS_atExitFunc__I)
                  00032164    00000030     appNano_pem4f.oem4f (.text:ti_sysbios_BIOS_errorRaiseHook__I)
                  00032194    00000030     appNano_pem4f.oem4f (.text:ti_sysbios_BIOS_rtsLock__I)
                  000321c4    00000030     appNano_pem4f.oem4f (.text:ti_sysbios_gates_GateMutex_construct)
                  000321f4    00000030     appNano_pem4f.oem4f (.text:ti_sysbios_knl_Queue_construct)
                  00032224    00000030     ti.sysbios.fatfs.aem4f : ff.oem4f (.text:validate)
                  00032254    00000030     ti.targets.arm.rtsarm.aem4f : SysMin.oem4f (.text:xdc_runtime_SysMin_abort__E)
                  00032284    00000030                                 : System.oem4f (.text:xdc_runtime_System_processAtExit__E)
                  000322b4    0000002e     rtsv7M4_T_le_v4SPD16_eabi.lib : i_tofd_t2.obj (.text)
                  000322e2    0000002e                                   : raise.obj (.text)
                  00032310    0000002e     appNano_pem4f.oem4f (.text:ti_sysbios_hal_Hwi_HwiProxy_create)
                  0003233e    0000002e     appNano_pem4f.oem4f (.text:ti_sysbios_hal_Timer_TimerProxy_create)
                  0003236c    0000002c     usblib.lib : usbhostenum.obj (.text:ConfigDescFree)
                  00032398    0000002c                : usbhostenum.obj (.text:FIFOFree)
                  000323c4    0000002c                : usbhostenum.obj (.text:InternalUSBHCDSendEvent)
                  000323f0    0000002c     drivers_tivaware.aem4f : SDSPITiva.oem4f (.text:SDSPITiva_close)
                  0003241c    0000002c     usblib.lib : usbdesc.obj (.text:USBDescGet)
                  00032448    0000002c                : usbdesc.obj (.text:USBDescGetAlternateInterface)
                  00032474    0000002c     driverlib.lib : usb.obj (.text:USBIntDisableControl)
                  000324a0    0000002c     Boot.aem4f : Boot_sysctl.oem4f (.text:_SysCtlMemTimingGet)
                  000324cc    0000002c     ti.sysbios.fatfs.aem4f : diskio.oem4f (.text:disk_register)
                  000324f8    0000002c     appNano_pem4f.oem4f (.text:ti_sysbios_family_arm_m3_Hwi_Params__init__S)
                  00032524    00000004     --HOLE-- [fill = 0]
                  00032528    0000002c     sysbios.aem4f : BIOS.obj (.text:ti_sysbios_gates_GateAll_enter__E)
                  00032554    0000002c     appNano_pem4f.oem4f (.text:ti_sysbios_gates_GateMutex_Params__init__S)
                  00032580    0000002c     appNano_pem4f.oem4f (.text:ti_sysbios_hal_Hwi_Params__init__S)
                  000325ac    0000002c     appNano_pem4f.oem4f (.text:ti_sysbios_hal_Timer_Params__init__S)
                  000325d8    0000002c     appNano_pem4f.oem4f (.text:ti_sysbios_knl_Semaphore_Params__init__S)
                  00032604    0000002c     appNano_pem4f.oem4f (.text:ti_sysbios_knl_Task_Params__init__S)
                  00032630    0000002c     sysbios.aem4f : BIOS.obj (.text:ti_sysbios_knl_Task_restore__E)
                  0003265c    0000002c     driverlib.lib : udma.obj (.text:uDMAChannelAssign)
                  00032688    0000002c     usblib.lib : usbdma.obj (.text:uDMAUSBIntStatus)
                  000326b4    0000002c     ti.targets.arm.rtsarm.aem4f : Text.oem4f (.text:xdc_runtime_Text_cordText__E)
                  000326e0    0000002a     driverlib.lib : gpio.obj (.text:GPIODirModeSet)
                  0003270a    0000002a     drivers_tivaware.aem4f : SPITivaDMA.oem4f (.text:SPITivaDMA_close)
                  00032734    0000002a     usblib.lib : usbdcdesc.obj (.text:USBDCDConfigDescGetNum)
                  0003275e    0000002a                : usbdesc.obj (.text:USBDescGetNum)
                  00032788    0000002a     driverlib.lib : usb.obj (.text:USBDevEndpointDataAck)
                  000327b2    0000002a     rtsv7M4_T_le_v4SPD16_eabi.lib : frexp.obj (.text)
                  000327dc    0000002a                                   : strspn.obj (.text)
                  00032806    0000002a     ti.targets.arm.rtsarm.aem4f : System.oem4f (.text:xdc_runtime_System_putchar__I)
                  00032830    00000028     usblib.lib : usbdhid.obj (.text:GetIdleTimeout)
                  00032858    00000028                : usbdhid.obj (.text:HandleEP0DataReceived)
                  00032880    00000028                : usbdenum.obj (.text:USBDSetAddress)
                  000328a8    00000028     driverlib.lib : usb.obj (.text:USBIntEnableControl)
                  000328d0    00000028     drivers_tivaware.aem4f : USBMSCHFatFsTiva.oem4f (.text:USBMSCHFatFsTiva_serviceUSBHost)
                  000328f8    00000028     ti.sysbios.fatfs.aem4f : diskio.oem4f (.text:disk_unregister)
                  00032920    00000028     appNano_pem4f.oem4f (.text:free)
                  00032948    00000028     appNano_pem4f.oem4f (.text:ti_sysbios_BIOS_startFunc__I)
                  00032970    00000028     appNano_pem4f.oem4f (.text:ti_sysbios_family_arm_lm4_Timer_Object__delete__S)
                  00032998    00000028     sysbios.aem4f : BIOS.obj (.text:ti_sysbios_family_arm_m3_Hwi_Instance_finalize__E)
                  000329c0    00000028     appNano_pem4f.oem4f (.text:ti_sysbios_family_arm_m3_Hwi_Object__delete__S)
                  000329e8    00000028     appNano_pem4f.oem4f (.text:ti_sysbios_gates_GateMutex_Object__delete__S)
                  00032a10    00000028     sysbios.aem4f : BIOS.obj (.text:ti_sysbios_hal_Hwi_Instance_init__E)
                  00032a38    00000028     appNano_pem4f.oem4f (.text:ti_sysbios_hal_Hwi_Object__delete__S)
                  00032a60    00000028     sysbios.aem4f : BIOS.obj (.text:ti_sysbios_hal_Timer_Instance_init__E)
                  00032a88    00000028     appNano_pem4f.oem4f (.text:ti_sysbios_knl_Semaphore_Object__delete__S)
                  00032ab0    00000028     sysbios.aem4f : BIOS.obj (.text:ti_sysbios_knl_Swi_Module_startup__E)
                  00032ad8    00000028     appNano_pem4f.oem4f (.text:ti_sysbios_knl_Task_Object__delete__S)
                  00032b00    00000028     driverlib.lib : udma.obj (.text:uDMAChannelModeGet)
                  00032b28    00000028     appNano_pem4f.oem4f (.text:xdc_runtime_System_aprintf__E)
                  00032b50    00000028     appNano_pem4f.oem4f (.text:xdc_runtime_System_printf__E)
                  00032b78    00000026     usblib.lib : usbdhid.obj (.text:USBDHIDInit)
                  00032b9e    00000026     driverlib.lib : usb.obj (.text:USBHostSpeedGet)
                  00032bc4    00000026     rtsv7M4_T_le_v4SPD16_eabi.lib : strncmp.obj (.text)
                  00032bea    00000026     sysbios.aem4f : m3_Hwi_asm.obj (.text:ti_sysbios_family_arm_m3_Hwi_pendSV__I)
                  00032c10    00000026     appNano_pem4f.oem4f (.text:ti_sysbios_hal_Hwi_HwiProxy_Object__create__S)
                  00032c36    00000026     appNano_pem4f.oem4f (.text:ti_sysbios_hal_Timer_TimerProxy_Object__create__S)
                  00032c5c    00000026     ti.targets.arm.rtsarm.aem4f : System.oem4f (.text:xdc_runtime_System_avprintf__E)
                  00032c82    00000002     --HOLE-- [fill = 0]
                  00032c84    00000024     drivers_tivaware.aem4f : GPIOTiva.oem4f (.text:GPIO_init)
                  00032ca8    00000024     driverlib.lib : interrupt.obj (.text:IntPrioritySet)
                  00032ccc    00000024                   : usb.obj (.text:USBEndpointDMADisable)
                  00032cf0    00000024                   : usb.obj (.text:USBEndpointDMAEnable)
                  00032d14    00000024                   : usb.obj (.text:USBEndpointDataToggleClear)
                  00032d38    00000024     drivers_tivaware.aem4f : USBMSCHFatFsTiva.oem4f (.text:USBMSCHFatFsTiva_cbMSCHandler)
                  00032d5c    00000024                            : USBMSCHFatFsTiva.oem4f (.text:USBMSCHFatFsTiva_usbHCDEvents)
                  00032d80    00000024     usblib.lib : usbmode.obj (.text:USBStackModeSet)
                  00032da4    00000024     ti.sysbios.fatfs.aem4f : ff.oem4f (.text:dir_remove)
                  00032dc8    00000024                            : ffcio.oem4f (.text:ffcio_close)
                  00032dec    00000024     rtsv7M4_T_le_v4SPD16_eabi.lib : memmov.obj (.text)
                  00032e10    00000024                                   : sqrtf.obj (.text)
                  00032e34    00000024     appNano_pem4f.oem4f (.text:ti_sysbios_BIOS_registerRTSLock__I)
                  00032e58    00000024     sysbios.aem4f : BIOS.obj (.text:ti_sysbios_family_arm_m3_Hwi_doTaskRestore__I)
                  00032e7c    00000024     appNano_pem4f.oem4f (.text:ti_sysbios_gates_GateAll_Object__delete__S)
                  00032ea0    00000024     appNano_pem4f.oem4f (.text:ti_sysbios_gates_GateHwi_Object__delete__S)
                  00032ec4    00000024     appNano_pem4f.oem4f (.text:ti_sysbios_heaps_HeapMem_Object__delete__S)
                  00032ee8    00000024     sysbios.aem4f : BIOS.obj (.text:ti_sysbios_knl_Clock_Module_startup__E)
                  00032f0c    00000024     appNano_pem4f.oem4f (.text:time)
                  00032f30    00000024     driverlib.lib : udma.obj (.text:uDMAChannelControlSet)
                  00032f54    00000024     ti.targets.arm.rtsarm.aem4f : System.oem4f (.text:xdc_runtime_System_vprintf__E)
                  00032f78    00000022     usblib.lib : usbdhid.obj (.text:HandleDisconnect)
                  00032f9a    00000022     driverlib.lib : usb.obj (.text:USBIntDisableEndpoint)
                  00032fbc    00000022     rtsv7M4_T_le_v4SPD16_eabi.lib : memcmp.obj (.text)
                  00032fde    00000002     --HOLE-- [fill = 0]
                  00032fe0    00000022     sysbios.aem4f : BIOS.obj (.text:ti_sysbios_family_arm_lm4_Timer_write__I)
                  00033002    00000022     appNano_pem4f.oem4f (.text:ti_sysbios_family_arm_m3_Hwi_Handle__label__S)
                  00033024    00000022     appNano_pem4f.oem4f (.text:ti_sysbios_gates_GateAll_Handle__label__S)
                  00033046    00000022     appNano_pem4f.oem4f (.text:ti_sysbios_gates_GateHwi_Handle__label__S)
                  00033068    00000022     appNano_pem4f.oem4f (.text:ti_sysbios_gates_GateMutex_Handle__label__S)
                  0003308a    00000022     appNano_pem4f.oem4f (.text:ti_sysbios_heaps_HeapMem_Handle__label__S)
                  000330ac    00000022     appNano_pem4f.oem4f (.text:ti_sysbios_knl_Swi_Handle__label__S)
                  000330ce    00000022     appNano_pem4f.oem4f (.text:ti_sysbios_knl_Task_Handle__label__S)
                  000330f0    00000022     usblib.lib : usbdma.obj (.text:uDMAUSBChannelStatus)
                  00033112    00000020                : usbdconfig.obj (.text:GetEndpointFIFOSize)
                  00033132    00000020                : usbdhid.obj (.text:HandleEP0DataSent)
                  00033152    00000002     --HOLE-- [fill = 0]
                  00033154    00000020                : usbhhub.obj (.text:HubDriverDeviceConnect)
                  00033174    00000020                : usbhhub.obj (.text:HubDriverDeviceReset)
                  00033194    00000020     driverlib.lib : uart.obj (.text:UARTDisable)
                  000331b4    00000020     usblib.lib : usbdenum.obj (.text:USBDCDPowerStatusSet)
                  000331d4    00000020     driverlib.lib : usb.obj (.text:USBHostEndpointDataAck)
                  000331f4    00000020                   : sysctl.obj (.text:_SysCtlMemTimingGet)
                  00033214    00000020     ti.sysbios.fatfs.aem4f : ffcio.oem4f (.text:ffcio_read)
                  00033234    00000020                            : ffcio.oem4f (.text:ffcio_write)
                  00033254    00000020     rtsv7M4_T_le_v4SPD16_eabi.lib : memchr.obj (.text)
                  00033274    00000020                                   : u_tofd_t2.obj (.text)
                  00033294    00000020     appNano_pem4f.oem4f (.text:ti_sysbios_BIOS_removeRTSLock__I)
                  000332b4    00000020     appNano_pem4f.oem4f (.text:ti_sysbios_family_arm_m3_Hwi_Object__destruct__S)
                  000332d4    00000004     --HOLE-- [fill = 0]
                  000332d8    00000020     sysbios.aem4f : BIOS.obj (.text:ti_sysbios_family_arm_m3_Hwi_clearInterrupt__E)
                  000332f8    00000020                   : m3_Hwi_asm.obj (.text:ti_sysbios_family_arm_m3_Hwi_excHandlerAsm__I)
                  00033318    00000020                   : BIOS.obj (.text:ti_sysbios_family_arm_m3_Hwi_excHandler__I)
                  00033338    00000020     appNano_pem4f.oem4f (.text:ti_sysbios_gates_GateMutex_Object__destruct__S)
                  00033358    00000020     sysbios.aem4f : BIOS.obj (.text:ti_sysbios_knl_Idle_run__E)
                  00033378    00000020     appNano_pem4f.oem4f (.text:ti_sysbios_knl_Semaphore_Object__destruct__S)
                  00033398    00000020     appNano_pem4f.oem4f (.text:ti_sysbios_knl_Task_Object__destruct__S)
                  000333b8    00000020     appNano_pem4f.oem4f (.text:xdc_runtime_IHeap_alloc)
                  000333d8    00000020     ti.targets.arm.rtsarm.aem4f : Registry.oem4f (.text:xdc_runtime_Registry_findById__E)
                  000333f8    00000020                                 : SysMin.oem4f (.text:xdc_runtime_SysMin_Module_startup__E)
                  00033418    00000020     appNano_pem4f.oem4f (.text:xdc_runtime_Text_visitRope__I)
                  00033438    0000001e     usblib.lib : usbdesc.obj (.text:USBDescGetInterface)
                  00033456    0000001e     driverlib.lib : usb.obj (.text:USBULPIRegRead)
                  00033474    0000001e                   : usb.obj (.text:USBULPIRegWrite)
                  00033492    0000001e     rtsv7M4_T_le_v4SPD16_eabi.lib : strcat.obj (.text)
                  000334b0    0000001e     sysbios.aem4f : m3_Hwi_asm_switch.obj (.text:ti_sysbios_family_xxx_Hwi_switchAndRunFunc)
                  000334ce    0000001e     appNano_pem4f.oem4f (.text:ti_sysbios_knl_Task_SupportProxy_start__E)
                  000334ec    0000001e     appNano_pem4f.oem4f (.text:xdc_runtime_Memory_HeapProxy_alloc__E)
                  0003350a    00000002     --HOLE-- [fill = 0]
                  0003350c    0000001c     driverlib.lib : lcd.obj (.text:LCDClockReset)
                  00033528    0000001c     usblib.lib : usbmode.obj (.text:OTGDeviceDisconnect)
                  00033544    0000001c                : usbdcdesc.obj (.text:USBDCDConfigGetInterface)
                  00033560    0000001c                : usbdenum.obj (.text:USBDCDStallEP0)
                  0003357c    0000001c     driverlib.lib : usb.obj (.text:USBEndpointDataAvail)
                  00033598    0000001c     drivers_tivaware.aem4f : USBMSCHFatFsTiva.oem4f (.text:USBMSCHFatFsTiva_diskIOctl)
                  000335b4    0000001c                            : WatchdogTiva.oem4f (.text:WatchdogTiva_setReload)
                  000335d0    0000001c     ti.sysbios.fatfs.aem4f : diskio.oem4f (.text:disk_initialize)
                  000335ec    0000001c                            : diskio.oem4f (.text:disk_ioctl)
                  00033608    0000001c                            : diskio.oem4f (.text:disk_read)
                  00033624    0000001c                            : diskio.oem4f (.text:disk_status)
                  00033640    0000001c                            : diskio.oem4f (.text:disk_write)
                  0003365c    0000001c                            : ff.oem4f (.text:mem_cmp)
                  00033678    0000001c     rtsv7M4_T_le_v4SPD16_eabi.lib : memccpy.obj (.text)
                  00033694    00000004     --HOLE-- [fill = 0]
                  00033698    0000001c     sysbios.aem4f : BIOS.obj (.text:ti_sysbios_family_arm_lm4_Seconds_get__E)
                  000336b4    0000001c     appNano_pem4f.oem4f (.text:ti_sysbios_family_arm_lm4_Timer_Module__startupDone__F)
                  000336d0    0000001c     appNano_pem4f.oem4f (.text:ti_sysbios_family_arm_m3_Hwi_Module__startupDone__F)
                  000336ec    00000004     --HOLE-- [fill = 0]
                  000336f0    0000001c     sysbios.aem4f : BIOS.obj (.text:ti_sysbios_gates_GateMutex_Instance_init__E)
                  0003370c    0000001c     appNano_pem4f.oem4f (.text:ti_sysbios_knl_Queue_Object__destruct__S)
                  00033728    0000001c     sysbios.aem4f : BIOS.obj (.text:ti_sysbios_knl_Task_enter__I)
                  00033744    0000001c     ti.targets.arm.rtsarm.aem4f : Error.oem4f (.text:xdc_runtime_Error_raiseX__E)
                  00033760    0000001c                                 : Memory.oem4f (.text:xdc_runtime_Memory_valloc__E)
                  0003377c    0000001c     appNano_pem4f.oem4f (.text:xdc_runtime_Startup_exec__I)
                  00033798    0000001c     ti.targets.arm.rtsarm.aem4f : SysMin.oem4f (.text:xdc_runtime_SysMin_exit__E)
                  000337b4    0000001c                                 : System.oem4f (.text:xdc_runtime_System_abort__E)
                  000337d0    0000001a     usblib.lib : usbdhid.obj (.text:ClearIdleTimers)
                  000337ea    0000001a                : usbdcdesc.obj (.text:USBDCDConfigDescGetSize)
                  00033804    0000001a     driverlib.lib : usb.obj (.text:USBEndpointDMAChannel)
                  0003381e    0000001a                   : usb.obj (.text:USBOTGSessionRequest)
                  00033838    0000001a     ti.sysbios.fatfs.aem4f : syncsysbios.oem4f (.text:ff_cre_syncobj)
                  00033852    00000006     driverlib.lib : i2c.obj (.text:I2CMasterIntDisable)
                  00033858    0000001a     sysbios.aem4f : BIOS.obj (.text:ti_sysbios_gates_GateAll_leave__E)
                  00033872    00000006     driverlib.lib : i2c.obj (.text:I2CMasterIntEnable)
                  00033878    0000001a     sysbios.aem4f : BIOS.obj (.text:ti_sysbios_knl_Task_sleepTimeout__I)
                  00033892    0000001a     appNano_pem4f.oem4f (.text:xdc_runtime_IHeap_free)
                  000338ac    00000018     driverlib.lib : gpio.obj (.text:GPIOPinTypeGPIOOutput)
                  000338c4    00000018     drivers_tivaware.aem4f : I2C.oem4f (.text:I2C_open)
                  000338dc    00000018                            : SDSPI.oem4f (.text:SDSPI_open)
                  000338f4    00000018     usblib.lib : usbdhid.obj (.text:SetDeferredOpFlag)
                  0003390c    00000018     driverlib.lib : timer.obj (.text:TimerDisable)
                  00033924    00000018     usblib.lib : usbdhandler.obj (.text:USB0DeviceIntHandler)
                  0003393c    00000018                : usbdenum.obj (.text:USBDSetDescriptor)
                  00033954    00000018                : usbdenum.obj (.text:USBDSyncFrame)
                  0003396c    00000018                : usbhhub.obj (.text:USBHHubEnumerationComplete)
                  00033984    00000018                : usbhhub.obj (.text:USBHHubEnumerationError)
                  0003399c    00000018     driverlib.lib : usb.obj (.text:USBHostPwrConfig)
                  000339b4    00000018                   : usb.obj (.text:USBHostRequestINClear)
                  000339cc    00000018     drivers_tivaware.aem4f : USBMSCHFatFsTiva.oem4f (.text:USBMSCHFatFsTiva_diskStatus)
                  000339e4    00000018     ti.sysbios.fatfs.aem4f : ff.oem4f (.text:clust2sect)
                  000339fc    00000018     rtsv7M4_T_le_v4SPD16_eabi.lib : args_main.obj (.text)
                  00033a14    00000018                                   : strcmp.obj (.text)
                  00033a2c    00000018     sysbios.aem4f : m3_TaskSupport_asm.obj (.text:ti_sysbios_family_arm_m3_TaskSupport_swap__E)
                  00033a44    00000004     --HOLE-- [fill = 0]
                  00033a48    00000018                   : BIOS.obj (.text:ti_sysbios_gates_GateMutex_leave__E)
                  00033a60    00000018     driverlib.lib : udma.obj (.text:uDMAChannelDisable)
                  00033a78    00000018                   : udma.obj (.text:uDMAChannelEnable)
                  00033a90    00000018                   : udma.obj (.text:uDMAChannelIsEnabled)
                  00033aa8    00000018     ti.sysbios.fatfs.aem4f : ff.oem4f (.text:unlock_fs)
                  00033ac0    00000018     ti.targets.arm.rtsarm.aem4f : Error.oem4f (.text:xdc_runtime_Error_check__E)
                  00033ad8    00000018                                 : System.oem4f (.text:xdc_runtime_System_exit__E)
                  00033af0    00000018                                 : Text.oem4f (.text:xdc_runtime_Text_ropeText__E)
                  00033b08    00000016     driverlib.lib : i2c.obj (.text:I2CMasterErr)
                  00033b1e    00000016     usblib.lib : usbdesc.obj (.text:USBDescGetInterfaceEndpoint)
                  00033b34    00000016     driverlib.lib : usb.obj (.text:USBHostAddrSet)
                  00033b4a    00000016                   : usb.obj (.text:USBIntEnableEndpoint)
                  00033b60    00000016     rtsv7M4_T_le_v4SPD16_eabi.lib : strchr.obj (.text)
                  00033b76    00000016     appNano_pem4f.oem4f (.text:ti_sysbios_BIOS_exitFunc__I)
                  00033b8c    00000014     appNano_pem4f.oem4f (.text:.bootCodeSection:ti_catalog_arm_cortexm4_tiva_ce_Boot_init__I)
                  00033ba0    00000014     driverlib.lib : lcd.obj (.text:LCDRasterEnable)
                  00033bb4    00000014                   : sysctl.obj (.text:SysCtlUSBPLLDisable)
                  00033bc8    00000014                   : sysctl.obj (.text:SysCtlUSBPLLEnable)
                  00033bdc    00000014                   : uart.obj (.text:UARTEnable)
                  00033bf0    00000014     usblib.lib : usbdenum.obj (.text:USBDCDRequestDataEP0)
                  00033c04    00000014                : usbdenum.obj (.text:USBDCDSendDataEP0)
                  00033c18    00000014     driverlib.lib : usb.obj (.text:USBDMAChannelConfigSet)
                  00033c2c    00000014     usblib.lib : usbhostenum.obj (.text:USBHCDPowerAutomatic)
                  00033c40    00000014                : usbhmsc.obj (.text:USBHMSCDriveOpen)
                  00033c54    00000014     driverlib.lib : usb.obj (.text:USBHostReset)
                  00033c68    00000014                   : usb.obj (.text:USBHostResume)
                  00033c7c    00000014     usblib.lib : usbhhub.obj (.text:USBHubPortSpeedSet)
                  00033c90    00000014     driverlib.lib : usb.obj (.text:_USBIndexWrite)
                  00033ca4    00000014     rtsv7M4_T_le_v4SPD16_eabi.lib : _lock.obj (.text)
                  00033cb8    00000014                                   : strcpy.obj (.text)
                  00033ccc    00000014                                   : strlen.obj (.text)
                  00033ce0    00000014     sysbios.aem4f : BIOS.obj (.text:ti_sysbios_family_arm_m3_Hwi_switchFromBootStack__E)
                  00033cf4    00000014     appNano_pem4f.oem4f (.text:ti_sysbios_hal_Hwi_HwiProxy_getStackInfo__E)
                  00033d08    00000014     appNano_pem4f.oem4f (.text:ti_sysbios_knl_Clock_Module_State_clockQ)
                  00033d1c    00000014     appNano_pem4f.oem4f (.text:xdc_runtime_Memory_HeapProxy_free__E)
                  00033d30    00000012     driverlib.lib : gpio.obj (.text:GPIOPinTypeEPI)
                  00033d42    00000012                   : gpio.obj (.text:GPIOPinTypeLCD)
                  00033d54    00000012                   : gpio.obj (.text:GPIOPinTypeSSI)
                  00033d66    00000012                   : gpio.obj (.text:GPIOPinTypeUART)
                  00033d78    00000012     usblib.lib : usbdhid.obj (.text:HandleResume)
                  00033d8a    00000012                : usbdhid.obj (.text:HandleSuspend)
                  00033d9c    00000012     drivers_tivaware.aem4f : SDSPITiva.oem4f (.text:SDSPITiva_init)
                  00033dae    00000012     driverlib.lib : ssi.obj (.text:SSIDataGetNonBlocking)
                  00033dc0    00000012     usblib.lib : usbhostenum.obj (.text:SendUnknownConnect)
                  00033dd2    00000012     driverlib.lib : timer.obj (.text:TimerLoadSet)
                  00033de4    00000012                   : timer.obj (.text:TimerPrescaleSet)
                  00033df6    00000012                   : usb.obj (.text:USBDMAChannelDisable)
                  00033e08    00000012                   : usb.obj (.text:USBDMAChannelEnable)
                  00033e1a    00000012                   : usb.obj (.text:USBDMAChannelIntDisable)
                  00033e2c    00000012                   : usb.obj (.text:USBDMAChannelIntEnable)
                  00033e3e    00000012                   : usb.obj (.text:USBHostLPMConfig)
                  00033e50    00000012                   : usb.obj (.text:USBHostRequestIN)
                  00033e62    00000012     ti.sysbios.fatfs.aem4f : ff.oem4f (.text:chk_chr)
                  00033e74    00000012                            : ffcio.oem4f (.text:ffcio_rename)
                  00033e86    00000012                            : ffcio.oem4f (.text:ffcio_unlink)
                  00033e98    00000012     sysbios.aem4f : BIOS.obj (.text:ti_sysbios_hal_Hwi_Module_startup__E)
                  00033eaa    00000006     drivers_tivaware.aem4f : I2CTiva.oem4f (.text:I2CTiva_control)
                  00033eb0    00000012     sysbios.aem4f : BIOS.obj (.text:ti_sysbios_hal_Timer_Module_startup__E)
                  00033ec2    00000002     --HOLE-- [fill = 0]
                  00033ec4    00000010     drivers_tivaware.aem4f : I2C.oem4f (.text:I2C_Params_init)
                  00033ed4    00000010     driverlib.lib : interrupt.obj (.text:IntMasterEnable)
                  00033ee4    00000010     drivers_tivaware.aem4f : SDSPITiva.oem4f (.text:SDSPITiva_diskStatus)
                  00033ef4    00000010                            : SDSPI.oem4f (.text:SDSPI_Params_init)
                  00033f04    00000010     driverlib.lib : sysctl.obj (.text:SysCtlReset)
                  00033f14    00000010     usblib.lib : usbdhid.obj (.text:USBDHIDTerm)
                  00033f24    00000010     driverlib.lib : usb.obj (.text:USBEndpointStatus)
                  00033f34    00000010     usblib.lib : usbhostenum.obj (.text:USBHCDRegisterDrivers)
                  00033f44    00000010     driverlib.lib : usb.obj (.text:USBHostPwrDisable)
                  00033f54    00000010                   : eeprom.obj (.text:_EEPROMWaitForDone)
                  00033f64    00000010     ti.sysbios.fatfs.aem4f : ff.oem4f (.text:f_close)
                  00033f74    00000010                            : ff.oem4f (.text:mem_cpy)
                  00033f84    00000010     appNano_pem4f.oem4f (.text:ti_sysbios_BIOS_RtsGateProxy_leave__E)
                  00033f94    00000004     --HOLE-- [fill = 0]
                  00033f98    00000010     sysbios.aem4f : BIOS.obj (.text:ti_sysbios_BIOS_getCpuFreq__E)
[...]
0005e56f  _HCI_Write_Scan_Enable                                               
0005e59b  _HCI_Write_Simple_Pairing_Mode                                       
0005e5c7  _HCI_Write_Voice_Setting                                             
0005e5f3  AcquireGAPLEContext                                                  
0005e647  BSC_RegisterEventCallback                                            
0005e671  BSC_UnLockBluetoothStack                                             
0005e719  GOEP_Cleanup                                                         
0005e743  HCI_Change_SCO_Configuration                                         
0005e76d  SPP_Cleanup                                                          
0005e797  _HCI_Enable_Device_Under_Test_Mode                                   
0005e901  HCI_Enable_Device_Under_Test_Mode                                    
0005e929  HCI_Write_Default_Link_Policy_Settings                               
0005e951  HCI_Write_SCO_Flow_Control_Enable                                    
0005e979  HCI_Write_Scan_Enable                                                
0005e9a1  HCI_Write_Voice_Setting                                              
0005e9f1  VerifySharedBufferPointer                                            
0005ea3f  BSC_QueryActiveFeatures                                              
0005eafd  HCILL_Resynchronize                                                  
0005eb23  HCI_Build_ACL_Packet_Type_Mask                                       
0005ec6f  HCI_Query_LE_Controller_Support                                      
0005ecd7  BSC_GetNextGenericListEntry                                          
0005ecf7  CompareNULLBluetoothAddress                                          
0005ed19  InitializeBSCModule                                                  
0005ed39  InitializeDISModule                                                  
0005edb9  _L2CA_Disconnect_Response                                            
0005edf7  BSC_FreeGenericListEntryList                                         
0005eeab  L2CA_Fixed_Channel_Data_Write                                        
0005efe9  ReleaseBluetoothStackInformation                                     
0005f005  BSC_UnRegisterEventCallback                                          
0005f085  BSC_AcquireListLock                                                  
0005f0b5  InitializeCOMMList                                                   
0005f0cd  InitializeGATTModule                                                 
0005f199  BSC_ReleaseListLock                                                  
0005f1c1  DIS_Initialize_Service                                               
0005f301  GAPS_Initialize_Service                                              
0005f33d  HCI_Send_ACL_Data                                                    
0005f617  _L2CA_Data_Write                                                     
0005f691  BSC_FreeGenericListEntryMemory                                       
0005f6d7  HCI_RegisterACLDataCallback                                          
0005f6e1  HCI_RegisterEventCallback                                            
0005f6eb  HCI_RegisterSCODataCallback                                          
0005f6f5  HCI_Register_ACL_Data_Callback                                       
0005f6ff  HCI_Register_Event_Callback                                          
0005f709  HCI_Register_SCO_Data_Callback                                       
0005f713  ReleaseGAPLEContext                                                  
0005f735  GetCertPtr                                                           
0005f793  GetCertCurrentDate                                                   
0005f797  GetCertLength                                                        
0005f79b  InitializeCertificateModule                                          
0005f79f  OTP_Initialize                                                       
0005f7c8  __TI_static_base__                                                   
00060144  __TI_Handler_Table_Base                                              
00060150  __TI_Handler_Table_Limit                                             
00060160  __TI_CINIT_Base                                                      
00060178  __TI_CINIT_Limit                                                     
20000000  ti_sysbios_family_arm_m3_Hwi_ramVectors                              
20000400  ti_sysbios_heaps_HeapMem_Instance_State_0_buf__A                     
2000d940  ti_sysbios_knl_Task_Instance_State_0_stack__A                        
2000f940  ti_sysbios_knl_Task_Instance_State_1_stack__A                        
20011940  ti_sysbios_knl_Task_Instance_State_2_stack__A                        
20012a40  ti_sysbios_knl_Task_Instance_State_3_stack__A                        
20013240  SNR_HadArr                                                           
200266ac  g_dataBlob                                                           
2002e34c  g_scanIndices                                                        
2002e74c  xdc_runtime_SysMin_Module_State_0_outbuf__A                          
2002eb4c  usbmschfatfstivaObjects                                              
2002eee4  ti_sysbios_family_arm_m3_Hwi_dispatchTable                           
2002f818  i2cTivaObjects                                                       
2002fa98  sdspiTivaobjects                                                     
20030730  __TI_tmpnams                                                         
200307d0  ApplicationStateInfo_ScanSvc                                         
20030a00  __CIOBUF_                                                            
20030b20  spiTivaDMAobjects                                                    
20030e68  uartTivaObjects                                                      
20031114  gBLECmdHandlerInput                                                  
200311a0  packetData                                                           
20031224  SNRData                                                              
200312fa  nNumWrBLE                                                            
200312fc  g_frameSyncArr                                                       
200313bc  g_psDCDInst                                                          
20031594  g_scanConfigIDs                                                      
200315bc  ApplicationStateInfo_GISvc                                           
200315fc  watchdogTivaObjects                                                  
2003161c  CmdSvcDeviceInfo                                                     
2003164c  gBLECmdHandlerRepsonse                                               
20031664  g_pfnTickHandlers                                                    
200316ac  g_pvTickInstance                                                     
200316dc  CmdSvcServiceInstance                                                
20031740  ApplicationStateInfo_CalSvc                                          
20031750  ApplicationStateInfo_ConfSvc                                         
20031760  ApplicationStateInfo_TimeSvc                                         
20031770  CalSvcServiceInstance                                                
20031780  ConfSvcServiceInstance                                               
20031790  GISvcServiceInstance                                                 
200317b0  ScanSvcServiceInstance                                               
200317c0  TimeSvcServiceInstance                                               
200317e0  spiTivaDMAscratchBuf                                                 
200317fc  LEContextInfo                                                        
2003182c  ApplicationStateInfo_CmdSvc                                          
20031834  SNRDataHad                                                           
2003185a  nRemReadBLE                                                          
20031894  bleNotificationList                                                  
20031898  blePendingResponseList                                               
200318b4  g_DRDYTrigger                                                        
200318bc  g_FrameTrigger                                                       
200318c0  g_PatternTrigger                                                     
200318c4  g_frameBuffer1                                                       
200318c8  g_patternNumCols                                                     
200318cc  g_patternNumRows                                                     
200318d4  g_ppsDevInfo                                                         
200318e0  g_ui32PollRate                                                       
200318e8  g_ui32SysClk                                                         
20031900  parmUnionBLE                                                         
20031904  parmUnionUART                                                        
20031908  parmUnionUSB                                                         
20031918  rdp                                                                  
2003191c  rdpBLE                                                               
20031920  rdpUART                                                              
2003192c  wrp                                                                  
20031930  wrpBLE                                                               
20031934  wrpUART                                                              
20031938  nRemReadPC                                                           
2003193a  nRemReadUART                                                         
2003193c  nRemWritePC                                                          
2003193e  nRemWriteUART                                                        
2003194f  g_eOTGModeState                                                      
20031954  __stack                                                              
20031b54  __STACK_TOP                                                          
20033954  __STACK_END                                                          
20033958  g_matrix_lookup                                                      
20033d48  ti_sysbios_family_arm_m3_Hwi_Object__table__V                        
20033ef8  ti_sysbios_family_arm_lm4_Seconds_Module__state__V                   
20033f00  ti_sysbios_family_arm_lm4_Timer_Module__root__V                      
20033f08  ti_sysbios_family_arm_lm4_Timer_Module_State_0_handles__A            
20033f28  ti_sysbios_family_arm_lm4_Timer_Module__state__V                     
20033f34  ti_sysbios_family_arm_lm4_TimestampProvider_Module__state__V         
20033f3c  ti_sysbios_family_arm_m3_Hwi_Module__root__V                         
20033f44  ti_sysbios_family_arm_m3_Hwi_Module_State_0_excActive__A             
20033f48  ti_sysbios_family_arm_m3_Hwi_Module_State_0_excContext__A            
20033f4c  ti_sysbios_family_arm_m3_Hwi_Module_State_0_excStack__A              
20033f50  ti_sysbios_gates_GateAll_Module__root__V                             
20033f58  ti_sysbios_gates_GateHwi_Module__root__V                             
20033f60  ti_sysbios_gates_GateHwi_Object__table__V                            
20033f64  ti_sysbios_gates_GateMutex_Module__root__V                           
20033f6c  ti_sysbios_hal_Hwi_Module__root__V                                   
20033f74  ti_sysbios_hal_Timer_Module__root__V                                 
20033f7c  ti_sysbios_hal_Timer_Object__table__V                                
20033f8c  ti_sysbios_heaps_HeapMem_Module__root__V                             
20033f94  ti_sysbios_heaps_HeapMem_Object__table__V                            
20033fac  ti_sysbios_knl_Clock_Module__root__V                                 
20033fb4  ti_sysbios_knl_Queue_Module__root__V                                 
20033fbc  ti_sysbios_knl_Semaphore_Module__root__V                             
20033fc4  ti_sysbios_knl_Swi_Module__root__V                                   
20033fcc  ti_sysbios_knl_Swi_Module__state__V                                  
20033fe8  ti_sysbios_knl_Task_Module__root__V                                  
20033ff0  ti_sysbios_knl_Task_Module_State_0_idleTask__A                       
20033ff4  xdc_runtime_Error_Module__state__V                                   
20033ff8  xdc_runtime_Memory_Module__state__V                                  
20033ffc  xdc_runtime_Registry_Module__state__V                                
20034004  xdc_runtime_Startup_Module__state__V                                 
2003400c  xdc_runtime_SysMin_Module__state__V                                  
20034018  xdc_runtime_System_Module_State_0_atexitHandlers__A                  
20034038  xdc_runtime_System_Module__state__V                                  
20034040  xdc_runtime_Text_Module__state__V                                    
20034048  __xdc__init__addr                                                    
2003404c  ti_sysbios_knl_Task_Object__table__V                                 
20034130  TSK_idle                                                             
2003417c  ti_sysbios_family_arm_lm4_Timer_Object__table__V                     
2003427c  _ftable                                                              
2003436c  ti_sysbios_knl_Semaphore_Object__table__V                            
200345c8  _Denorm                                                              
200345d8  _Eps                                                                 
200345e8  _Hugeval                                                             
200345f8  _Inf                                                                 
20034608  _Nan                                                                 
20034618  _Snan                                                                
20034628  _Rteps                                                               
20034638  _Xbig                                                                
20034640  _Zero                                                                
20034648  ti_sysbios_knl_Swi_Module_State_0_readyQ__A                          
200346c8  ti_sysbios_knl_Task_Module_State_0_readyQ__A                         
20034748  ti_sysbios_hal_Hwi_Object__table__V                                  
20034808  ti_sysbios_knl_Task_Module__state__V                                 
2003488c  ti_sysbios_family_arm_lm4_Timer_Module_State_0_device__A             
200348cc  ti_sysbios_gates_GateMutex_Object__table__V                          
20034904  g_pui8NirscanNanoDescriptor                                          
2003490d  g_pui8HIDInterface                                                   
20034918  g_sHIDDescriptorSection                                              
20034920  g_psHIDSections                                                      
20034934  g_sHIDConfigHeader                                                   
2003493c  DISManufacturerName                                                  
2003494f  DISModelNumber                                                       
2003495e  DISFWRevNumber                                                       
20034969  DISSWRevNumber                                                       
2003496f  BASBatteryLevel                                                      
20034970  ti_sysbios_family_arm_m3_Hwi_Module__state__V                        
200349a4  ti_sysbios_knl_Swi_Object__table__V                                  
200349d4  ti_sysbios_knl_Clock_Module__state__V                                
20034a44  uartStdFailResponse                                                  
20034a55  gIsBLEConnActive                                                     
20034a56  currentState                                                         
20034aa4  ti_sysbios_BIOS_Module__state__V                                     
20034ae4  g_ui32UnderflowCount                                                 
20034ae8  g_eof0Count                                                          
20034aec  g_eof1Count                                                          
20034af8  g_frameBuffer0                                                       
20034afc  g_frameBufferSz                                                      
20034b00  NirscanNanoDevice                                                    
20034b50  tpl_hook                                                             
20034b68  BLEStatus                                                            
20034b6c  g_uartTaskHandle                                                     
20034b70  g_uartTimerHandle                                                    
20034b74  g_bleCmdHandlerTaskHandle                                            
20034b78  g_bleMainTaskHandle                                                  
20034b8e  g_pui8HIDDeviceDescriptor                                            
20034bb0  __TI_ft_end                                                          
20034bb4  __aeabi_stdin                                                        
20034bb8  __aeabi_stdout                                                       
20034bbc  __aeabi_stderr                                                       
20034bc0  _tz                                                                  
20034bd0  g_scanDataIdx                                                        
20034be0  pktState                                                             
20034be4  pMsg                                                                 
20034cb8  g_bUSBTimerInitialized                                               
20034cbc  g_ui32CurrentUSBTick                                                 
20034cc0  g_ui32USBSOFCount                                                    
20034cc4  g_iUSBMode                                                           
20034cc8  g_ui32WaitTicks                                                      
20034cd0  total_alloc                                                          
20034cf0  _lock                                                                
20034cf4  _unlock                                                              
20034cf8  __TI_cleanup_ptr                                                     
20034cfc  __TI_dtors_ptr                                                       
20034d00  _Fenv                                                                
20034d04  _Tls_setup__Fenv                                                     
20034d11  g_TestOnOffButtonPresses                                             
20034d12  g_TestScanButtonPresses                                              
20034d13  g_ButtonTestMode                                                     
20034d14  b_sleeping                                                           
20034d18  pUartMsg                                                             
20034d4c  _Errno                                                               
20034d54  main_func_sp                                                         
20034d5c  gBLESuppMTUSize                                                      
e000e000  ti_sysbios_family_arm_m3_Hwi_nvic                                    
ffffffff  __binit__                                                            
ffffffff  __c_args__                                                           
ffffffff  binit                                                                
UNDEFED   SHT$$INIT_ARRAY$$Base                                                
UNDEFED   SHT$$INIT_ARRAY$$Limit                                               

[2192 symbols]
